14:30:57 **** Incremental Build of configuration Debug for project Firware_SPIP ****
make -j8 all 
arm-none-eabi-gcc "../Core/Src/main.c" -mcpu=cortex-m4 -std=gnu11 -g3 -DDEBUG -DUSE_HAL_DRIVER -DSTM32G431xx -c -I../Core/Inc -I../Drivers/STM32G4xx_HAL_Driver/Inc -I../Drivers/STM32G4xx_HAL_Driver/Inc/Legacy -I../Drivers/CMSIS/Device/ST/STM32G4xx/Include -I../Drivers/CMSIS/Include -O0 -ffunction-sections -fdata-sections -Wall -fstack-usage -fcyclomatic-complexity -MMD -MP -MF"Core/Src/main.d" -MT"Core/Src/main.o" --specs=nano.specs -mfpu=fpv4-sp-d16 -mfloat-abi=hard -mthumb -o "Core/Src/main.o"
arm-none-eabi-gcc -o "Firware_SPIP.elf" @"objects.list"   -mcpu=cortex-m4 -T"C:\Users\lucas\Documents\GitHub\2526_Projet1AB_SPIP\Firmware\Firware_SPIP\STM32G431CBUX_FLASH.ld" --specs=nosys.specs -Wl,-Map="Firware_SPIP.map" -Wl,--gc-sections -static --specs=nano.specs -mfpu=fpv4-sp-d16 -mfloat-abi=hard -mthumb -u _printf_float -u _scanf_float -Wl,--start-group -lc -lm -Wl,--end-group
Finished building target: Firware_SPIP.elf
 
arm-none-eabi-size  Firware_SPIP.elf 
arm-none-eabi-objdump -h -S Firware_SPIP.elf  > "Firware_SPIP.list"
   text	   data	    bss	    dec	    hex	filename
  48008	    468	   2820	  51296	   c860	Firware_SPIP.elf
Finished building: default.size.stdout
 
Finished building: Firware_SPIP.list
 

14:30:58 Build Finished. 0 errors, 0 warnings. (took 743ms)

