13:30:10 **** Incremental Build of configuration Debug for project PAMi ****
make -j8 all 
arm-none-eabi-gcc "../Core/Src/main.c" -mcpu=cortex-m4 -std=gnu11 -g3 -DDEBUG -DUSE_HAL_DRIVER -DSTM32G431xx -c -I../Core/Inc -I../Drivers/STM32G4xx_HAL_Driver/Inc -I../Drivers/STM32G4xx_HAL_Driver/Inc/Legacy -I../Drivers/CMSIS/Device/ST/STM32G4xx/Include -I../Drivers/CMSIS/Include -O0 -ffunction-sections -fdata-sections -Wall -fstack-usage -fcyclomatic-complexity -MMD -MP -MF"Core/Src/main.d" -MT"Core/Src/main.o" --specs=nano.specs -mfpu=fpv4-sp-d16 -mfloat-abi=hard -mthumb -o "Core/Src/main.o"
arm-none-eabi-gcc "../Core/Src/mouvement.c" -mcpu=cortex-m4 -std=gnu11 -g3 -DDEBUG -DUSE_HAL_DRIVER -DSTM32G431xx -c -I../Core/Inc -I../Drivers/STM32G4xx_HAL_Driver/Inc -I../Drivers/STM32G4xx_HAL_Driver/Inc/Legacy -I../Drivers/CMSIS/Device/ST/STM32G4xx/Include -I../Drivers/CMSIS/Include -O0 -ffunction-sections -fdata-sections -Wall -fstack-usage -fcyclomatic-complexity -MMD -MP -MF"Core/Src/mouvement.d" -MT"Core/Src/mouvement.o" --specs=nano.specs -mfpu=fpv4-sp-d16 -mfloat-abi=hard -mthumb -o "Core/Src/mouvement.o"
arm-none-eabi-gcc "../Core/Src/stm32g4xx_it.c" -mcpu=cortex-m4 -std=gnu11 -g3 -DDEBUG -DUSE_HAL_DRIVER -DSTM32G431xx -c -I../Core/Inc -I../Drivers/STM32G4xx_HAL_Driver/Inc -I../Drivers/STM32G4xx_HAL_Driver/Inc/Legacy -I../Drivers/CMSIS/Device/ST/STM32G4xx/Include -I../Drivers/CMSIS/Include -O0 -ffunction-sections -fdata-sections -Wall -fstack-usage -fcyclomatic-complexity -MMD -MP -MF"Core/Src/stm32g4xx_it.d" -MT"Core/Src/stm32g4xx_it.o" --specs=nano.specs -mfpu=fpv4-sp-d16 -mfloat-abi=hard -mthumb -o "Core/Src/stm32g4xx_it.o"
../Core/Src/stm32g4xx_it.c: In function 'HAL_TIM_PeriodElapsedCallback':
../Core/Src/stm32g4xx_it.c:230:17: warning: implicit declaration of function 'printf' [-Wimplicit-function-declaration]
  230 |                 printf("Mouvement Reset:\r\n");
      |                 ^~~~~~
../Core/Src/stm32g4xx_it.c:26:1: note: include '<stdio.h>' or provide a declaration of 'printf'
   25 | #include "mouvement.h"
  +++ |+#include <stdio.h>
   26 | /* USER CODE END Includes */
../Core/Src/stm32g4xx_it.c:230:17: warning: incompatible implicit declaration of built-in function 'printf' [-Wbuiltin-declaration-mismatch]
  230 |                 printf("Mouvement Reset:\r\n");
      |                 ^~~~~~
../Core/Src/stm32g4xx_it.c:230:17: note: include '<stdio.h>' or provide a declaration of 'printf'
arm-none-eabi-gcc -o "PAMi.elf" @"objects.list"   -mcpu=cortex-m4 -T"C:\Users\lucas\Documents\GitHub\2526_Projet1AB_SPIP\Firmware\PAMi\STM32G431CBUX_FLASH.ld" --specs=nosys.specs -Wl,-Map="PAMi.map" -Wl,--gc-sections -static --specs=nano.specs -mfpu=fpv4-sp-d16 -mfloat-abi=hard -mthumb -u _printf_float -Wl,--start-group -lc -lm -Wl,--end-group
Finished building target: PAMi.elf
 
arm-none-eabi-size  PAMi.elf 
arm-none-eabi-objdump -h -S PAMi.elf  > "PAMi.list"
   text	   data	    bss	    dec	    hex	filename
  35600	    468	   2644	  38712	   9738	PAMi.elf
Finished building: default.size.stdout
 
Finished building: PAMi.list
 
15:42:24 **** Incremental Build of configuration Debug for project PAMi ****
make -j8 all 
arm-none-eabi-size  PAMi.elf 
   text	   data	    bss	    dec	    hex	filename
  35600	    468	   2644	  38712	   9738	PAMi.elf
Finished building: default.size.stdout
 
15:43:02 **** Incremental Build of configuration Debug for project PAMi ****
make -j8 all 
arm-none-eabi-size  PAMi.elf 
   text	   data	    bss	    dec	    hex	filename
  35600	    468	   2644	  38712	   9738	PAMi.elf
Finished building: default.size.stdout
 
15:44:34 **** Incremental Build of configuration Debug for project PAMi ****
make -j8 all 
arm-none-eabi-gcc "../Core/Src/mouvement.c" -mcpu=cortex-m4 -std=gnu11 -g3 -DDEBUG -DUSE_HAL_DRIVER -DSTM32G431xx -c -I../Core/Inc -I../Drivers/STM32G4xx_HAL_Driver/Inc -I../Drivers/STM32G4xx_HAL_Driver/Inc/Legacy -I../Drivers/CMSIS/Device/ST/STM32G4xx/Include -I../Drivers/CMSIS/Include -O0 -ffunction-sections -fdata-sections -Wall -fstack-usage -fcyclomatic-complexity -MMD -MP -MF"Core/Src/mouvement.d" -MT"Core/Src/mouvement.o" --specs=nano.specs -mfpu=fpv4-sp-d16 -mfloat-abi=hard -mthumb -o "Core/Src/mouvement.o"
arm-none-eabi-gcc -o "PAMi.elf" @"objects.list"   -mcpu=cortex-m4 -T"C:\Users\lucas\Documents\GitHub\2526_Projet1AB_SPIP\Firmware\PAMi\STM32G431CBUX_FLASH.ld" --specs=nosys.specs -Wl,-Map="PAMi.map" -Wl,--gc-sections -static --specs=nano.specs -mfpu=fpv4-sp-d16 -mfloat-abi=hard -mthumb -u _printf_float -Wl,--start-group -lc -lm -Wl,--end-group
Finished building target: PAMi.elf
 
arm-none-eabi-size  PAMi.elf 
arm-none-eabi-objdump -h -S PAMi.elf  > "PAMi.list"
   text	   data	    bss	    dec	    hex	filename
  35600	    468	   2644	  38712	   9738	PAMi.elf
Finished building: default.size.stdout
 
Finished building: PAMi.list
 
15:45:02 **** Incremental Build of configuration Debug for project PAMi ****
make -j8 all 
arm-none-eabi-size  PAMi.elf 
   text	   data	    bss	    dec	    hex	filename
  35600	    468	   2644	  38712	   9738	PAMi.elf
Finished building: default.size.stdout
 
15:45:45 **** Incremental Build of configuration Debug for project PAMi ****
make -j8 all 
arm-none-eabi-gcc "../Core/Src/mouvement.c" -mcpu=cortex-m4 -std=gnu11 -g3 -DDEBUG -DUSE_HAL_DRIVER -DSTM32G431xx -c -I../Core/Inc -I../Drivers/STM32G4xx_HAL_Driver/Inc -I../Drivers/STM32G4xx_HAL_Driver/Inc/Legacy -I../Drivers/CMSIS/Device/ST/STM32G4xx/Include -I../Drivers/CMSIS/Include -O0 -ffunction-sections -fdata-sections -Wall -fstack-usage -fcyclomatic-complexity -MMD -MP -MF"Core/Src/mouvement.d" -MT"Core/Src/mouvement.o" --specs=nano.specs -mfpu=fpv4-sp-d16 -mfloat-abi=hard -mthumb -o "Core/Src/mouvement.o"
arm-none-eabi-gcc -o "PAMi.elf" @"objects.list"   -mcpu=cortex-m4 -T"C:\Users\lucas\Documents\GitHub\2526_Projet1AB_SPIP\Firmware\PAMi\STM32G431CBUX_FLASH.ld" --specs=nosys.specs -Wl,-Map="PAMi.map" -Wl,--gc-sections -static --specs=nano.specs -mfpu=fpv4-sp-d16 -mfloat-abi=hard -mthumb -u _printf_float -Wl,--start-group -lc -lm -Wl,--end-group
Finished building target: PAMi.elf
 
arm-none-eabi-size  PAMi.elf 
arm-none-eabi-objdump -h -S PAMi.elf  > "PAMi.list"
   text	   data	    bss	    dec	    hex	filename
  35600	    468	   2644	  38712	   9738	PAMi.elf
Finished building: default.size.stdout
 
Finished building: PAMi.list
 
15:49:55 **** Incremental Build of configuration Debug for project PAMi ****
make -j8 all 
arm-none-eabi-gcc "../Core/Src/main.c" -mcpu=cortex-m4 -std=gnu11 -g3 -DDEBUG -DUSE_HAL_DRIVER -DSTM32G431xx -c -I../Core/Inc -I../Drivers/STM32G4xx_HAL_Driver/Inc -I../Drivers/STM32G4xx_HAL_Driver/Inc/Legacy -I../Drivers/CMSIS/Device/ST/STM32G4xx/Include -I../Drivers/CMSIS/Include -O0 -ffunction-sections -fdata-sections -Wall -fstack-usage -fcyclomatic-complexity -MMD -MP -MF"Core/Src/main.d" -MT"Core/Src/main.o" --specs=nano.specs -mfpu=fpv4-sp-d16 -mfloat-abi=hard -mthumb -o "Core/Src/main.o"
arm-none-eabi-gcc "../Core/Src/mouvement.c" -mcpu=cortex-m4 -std=gnu11 -g3 -DDEBUG -DUSE_HAL_DRIVER -DSTM32G431xx -c -I../Core/Inc -I../Drivers/STM32G4xx_HAL_Driver/Inc -I../Drivers/STM32G4xx_HAL_Driver/Inc/Legacy -I../Drivers/CMSIS/Device/ST/STM32G4xx/Include -I../Drivers/CMSIS/Include -O0 -ffunction-sections -fdata-sections -Wall -fstack-usage -fcyclomatic-complexity -MMD -MP -MF"Core/Src/mouvement.d" -MT"Core/Src/mouvement.o" --specs=nano.specs -mfpu=fpv4-sp-d16 -mfloat-abi=hard -mthumb -o "Core/Src/mouvement.o"
../Core/Src/main.c: In function 'main':
../Core/Src/main.c:141:15: warning: passing argument 2 of 'avancer' from incompatible pointer type [-Wincompatible-pointer-types]
  141 | avancer(&mvt, &encoder_g, 10.0f, 10.0f);
      |               ^~~~~~~~~~
      |               |
      |               ENCODER * {aka struct encoder *}
In file included from ../Core/Src/main.c:27:
../Core/Inc/mouvement.h:31:35: note: expected 'MOTOR *' {aka 'struct motor *'} but argument is of type 'ENCODER *' {aka 'struct encoder *'}
   31 | void avancer(MVTCTRL *mvt, MOTOR *motor, ENCODER *encoder,float d_target_cm, float speed_cm_s);
      |                            ~~~~~~~^~~~~
../Core/Src/main.c:141:27: error: incompatible type for argument 3 of 'avancer'
  141 | avancer(&mvt, &encoder_g, 10.0f, 10.0f);
      |                           ^~~~~
      |                           |
      |                           float
../Core/Inc/mouvement.h:31:51: note: expected 'ENCODER *' {aka 'struct encoder *'} but argument is of type 'float'
   31 | void avancer(MVTCTRL *mvt, MOTOR *motor, ENCODER *encoder,float d_target_cm, float speed_cm_s);
      |                                          ~~~~~~~~~^~~~~~~
../Core/Src/main.c:141:1: error: too few arguments to function 'avancer'
  141 | avancer(&mvt, &encoder_g, 10.0f, 10.0f);
      | ^~~~~~~
../Core/Inc/mouvement.h:31:6: note: declared here
   31 | void avancer(MVTCTRL *mvt, MOTOR *motor, ENCODER *encoder,float d_target_cm, float speed_cm_s);
      |      ^~~~~~~
../Core/Src/main.c:143:15: warning: passing argument 2 of 'tourner' from incompatible pointer type [-Wincompatible-pointer-types]
  143 | tourner(&mvt, &encoder_g,90.0f,10.0f);
      |               ^~~~~~~~~~
      |               |
      |               ENCODER * {aka struct encoder *}
../Core/Inc/mouvement.h:33:35: note: expected 'MOTOR *' {aka 'struct motor *'} but argument is of type 'ENCODER *' {aka 'struct encoder *'}
   33 | void tourner(MVTCTRL *mvt, MOTOR *motor, ENCODER *encoder,float angle_rad, float speed_cm_s);
      |                            ~~~~~~~^~~~~
../Core/Src/main.c:143:26: error: incompatible type for argument 3 of 'tourner'
  143 | tourner(&mvt, &encoder_g,90.0f,10.0f);
      |                          ^~~~~
      |                          |
      |                          float
../Core/Inc/mouvement.h:33:51: note: expected 'ENCODER *' {aka 'struct encoder *'} but argument is of type 'float'
   33 | void tourner(MVTCTRL *mvt, MOTOR *motor, ENCODER *encoder,float angle_rad, float speed_cm_s);
      |                                          ~~~~~~~~~^~~~~~~
../Core/Src/main.c:143:1: error: too few arguments to function 'tourner'
  143 | tourner(&mvt, &encoder_g,90.0f,10.0f);
      | ^~~~~~~
../Core/Inc/mouvement.h:33:6: note: declared here
   33 | void tourner(MVTCTRL *mvt, MOTOR *motor, ENCODER *encoder,float angle_rad, float speed_cm_s);
      |      ^~~~~~~
../Core/Src/mouvement.c:22:6: error: conflicting types for 'avancer'; have 'void(MVTCTRL *, ENCODER *, float,  float)' {aka 'void(MVTCTRL *, struct encoder *, float,  float)'}
   22 | void avancer(MVTCTRL *mvt, ENCODER *encoder,float d_target_cm, float speed_cm_s){
      |      ^~~~~~~
In file included from ../Core/Src/mouvement.c:8:
../Core/Inc/mouvement.h:31:6: note: previous declaration of 'avancer' with type 'void(MVTCTRL *, MOTOR *, ENCODER *, float,  float)' {aka 'void(MVTCTRL *, struct motor *, struct encoder *, float,  float)'}
   31 | void avancer(MVTCTRL *mvt, MOTOR *motor, ENCODER *encoder,float d_target_cm, float speed_cm_s);
      |      ^~~~~~~
../Core/Src/mouvement.c:33:6: error: conflicting types for 'tourner'; have 'void(MVTCTRL *, ENCODER *, float,  float)' {aka 'void(MVTCTRL *, struct encoder *, float,  float)'}
   33 | void tourner(MVTCTRL *mvt, ENCODER *encoder,float angle_rad, float speed_cm_s){
      |      ^~~~~~~
../Core/Inc/mouvement.h:33:6: note: previous declaration of 'tourner' with type 'void(MVTCTRL *, MOTOR *, ENCODER *, float,  float)' {aka 'void(MVTCTRL *, struct motor *, struct encoder *, float,  float)'}
   33 | void tourner(MVTCTRL *mvt, MOTOR *motor, ENCODER *encoder,float angle_rad, float speed_cm_s);
      |      ^~~~~~~
make: *** [Core/Src/subdir.mk:55: Core/Src/main.o] Error 1
make: *** Waiting for unfinished jobs....
make: *** [Core/Src/subdir.mk:55: Core/Src/mouvement.o] Error 1
"make -j8 all" terminated with exit code 2. Build might be incomplete.
15:50:20 **** Incremental Build of configuration Debug for project PAMi ****
make -j8 all 
arm-none-eabi-gcc "../Core/Src/main.c" -mcpu=cortex-m4 -std=gnu11 -g3 -DDEBUG -DUSE_HAL_DRIVER -DSTM32G431xx -c -I../Core/Inc -I../Drivers/STM32G4xx_HAL_Driver/Inc -I../Drivers/STM32G4xx_HAL_Driver/Inc/Legacy -I../Drivers/CMSIS/Device/ST/STM32G4xx/Include -I../Drivers/CMSIS/Include -O0 -ffunction-sections -fdata-sections -Wall -fstack-usage -fcyclomatic-complexity -MMD -MP -MF"Core/Src/main.d" -MT"Core/Src/main.o" --specs=nano.specs -mfpu=fpv4-sp-d16 -mfloat-abi=hard -mthumb -o "Core/Src/main.o"
arm-none-eabi-gcc "../Core/Src/mouvement.c" -mcpu=cortex-m4 -std=gnu11 -g3 -DDEBUG -DUSE_HAL_DRIVER -DSTM32G431xx -c -I../Core/Inc -I../Drivers/STM32G4xx_HAL_Driver/Inc -I../Drivers/STM32G4xx_HAL_Driver/Inc/Legacy -I../Drivers/CMSIS/Device/ST/STM32G4xx/Include -I../Drivers/CMSIS/Include -O0 -ffunction-sections -fdata-sections -Wall -fstack-usage -fcyclomatic-complexity -MMD -MP -MF"Core/Src/mouvement.d" -MT"Core/Src/mouvement.o" --specs=nano.specs -mfpu=fpv4-sp-d16 -mfloat-abi=hard -mthumb -o "Core/Src/mouvement.o"
arm-none-eabi-gcc "../Core/Src/stm32g4xx_it.c" -mcpu=cortex-m4 -std=gnu11 -g3 -DDEBUG -DUSE_HAL_DRIVER -DSTM32G431xx -c -I../Core/Inc -I../Drivers/STM32G4xx_HAL_Driver/Inc -I../Drivers/STM32G4xx_HAL_Driver/Inc/Legacy -I../Drivers/CMSIS/Device/ST/STM32G4xx/Include -I../Drivers/CMSIS/Include -O0 -ffunction-sections -fdata-sections -Wall -fstack-usage -fcyclomatic-complexity -MMD -MP -MF"Core/Src/stm32g4xx_it.d" -MT"Core/Src/stm32g4xx_it.o" --specs=nano.specs -mfpu=fpv4-sp-d16 -mfloat-abi=hard -mthumb -o "Core/Src/stm32g4xx_it.o"
../Core/Src/stm32g4xx_it.c: In function 'HAL_TIM_PeriodElapsedCallback':
../Core/Src/stm32g4xx_it.c:230:17: warning: implicit declaration of function 'printf' [-Wimplicit-function-declaration]
  230 |                 printf("Mouvement Reset:\r\n");
      |                 ^~~~~~
../Core/Src/stm32g4xx_it.c:26:1: note: include '<stdio.h>' or provide a declaration of 'printf'
   25 | #include "mouvement.h"
  +++ |+#include <stdio.h>
   26 | /* USER CODE END Includes */
../Core/Src/stm32g4xx_it.c:230:17: warning: incompatible implicit declaration of built-in function 'printf' [-Wbuiltin-declaration-mismatch]
  230 |                 printf("Mouvement Reset:\r\n");
      |                 ^~~~~~
../Core/Src/stm32g4xx_it.c:230:17: note: include '<stdio.h>' or provide a declaration of 'printf'
arm-none-eabi-gcc -o "PAMi.elf" @"objects.list"   -mcpu=cortex-m4 -T"C:\Users\lucas\Documents\GitHub\2526_Projet1AB_SPIP\Firmware\PAMi\STM32G431CBUX_FLASH.ld" --specs=nosys.specs -Wl,-Map="PAMi.map" -Wl,--gc-sections -static --specs=nano.specs -mfpu=fpv4-sp-d16 -mfloat-abi=hard -mthumb -u _printf_float -Wl,--start-group -lc -lm -Wl,--end-group
Finished building target: PAMi.elf
 
arm-none-eabi-size  PAMi.elf 
arm-none-eabi-objdump -h -S PAMi.elf  > "PAMi.list"
   text	   data	    bss	    dec	    hex	filename
  35768	    468	   2644	  38880	   97e0	PAMi.elf
Finished building: default.size.stdout
 
Finished building: PAMi.list
 
15:52:51 **** Incremental Build of configuration Debug for project PAMi ****
make -j8 all 
arm-none-eabi-gcc "../Core/Src/mouvement.c" -mcpu=cortex-m4 -std=gnu11 -g3 -DDEBUG -DUSE_HAL_DRIVER -DSTM32G431xx -c -I../Core/Inc -I../Drivers/STM32G4xx_HAL_Driver/Inc -I../Drivers/STM32G4xx_HAL_Driver/Inc/Legacy -I../Drivers/CMSIS/Device/ST/STM32G4xx/Include -I../Drivers/CMSIS/Include -O0 -ffunction-sections -fdata-sections -Wall -fstack-usage -fcyclomatic-complexity -MMD -MP -MF"Core/Src/mouvement.d" -MT"Core/Src/mouvement.o" --specs=nano.specs -mfpu=fpv4-sp-d16 -mfloat-abi=hard -mthumb -o "Core/Src/mouvement.o"
arm-none-eabi-gcc -o "PAMi.elf" @"objects.list"   -mcpu=cortex-m4 -T"C:\Users\lucas\Documents\GitHub\2526_Projet1AB_SPIP\Firmware\PAMi\STM32G431CBUX_FLASH.ld" --specs=nosys.specs -Wl,-Map="PAMi.map" -Wl,--gc-sections -static --specs=nano.specs -mfpu=fpv4-sp-d16 -mfloat-abi=hard -mthumb -u _printf_float -Wl,--start-group -lc -lm -Wl,--end-group
Finished building target: PAMi.elf
 
arm-none-eabi-size  PAMi.elf 
arm-none-eabi-objdump -h -S PAMi.elf  > "PAMi.list"
   text	   data	    bss	    dec	    hex	filename
  35792	    468	   2644	  38904	   97f8	PAMi.elf
Finished building: default.size.stdout
 
Finished building: PAMi.list
 
15:54:42 **** Incremental Build of configuration Debug for project PAMi ****
make -j8 all 
arm-none-eabi-gcc "../Core/Src/mouvement.c" -mcpu=cortex-m4 -std=gnu11 -g3 -DDEBUG -DUSE_HAL_DRIVER -DSTM32G431xx -c -I../Core/Inc -I../Drivers/STM32G4xx_HAL_Driver/Inc -I../Drivers/STM32G4xx_HAL_Driver/Inc/Legacy -I../Drivers/CMSIS/Device/ST/STM32G4xx/Include -I../Drivers/CMSIS/Include -O0 -ffunction-sections -fdata-sections -Wall -fstack-usage -fcyclomatic-complexity -MMD -MP -MF"Core/Src/mouvement.d" -MT"Core/Src/mouvement.o" --specs=nano.specs -mfpu=fpv4-sp-d16 -mfloat-abi=hard -mthumb -o "Core/Src/mouvement.o"
arm-none-eabi-gcc -o "PAMi.elf" @"objects.list"   -mcpu=cortex-m4 -T"C:\Users\lucas\Documents\GitHub\2526_Projet1AB_SPIP\Firmware\PAMi\STM32G431CBUX_FLASH.ld" --specs=nosys.specs -Wl,-Map="PAMi.map" -Wl,--gc-sections -static --specs=nano.specs -mfpu=fpv4-sp-d16 -mfloat-abi=hard -mthumb -u _printf_float -Wl,--start-group -lc -lm -Wl,--end-group
Finished building target: PAMi.elf
 
arm-none-eabi-size  PAMi.elf 
arm-none-eabi-objdump -h -S PAMi.elf  > "PAMi.list"
   text	   data	    bss	    dec	    hex	filename
  35752	    468	   2644	  38864	   97d0	PAMi.elf
Finished building: default.size.stdout
 
Finished building: PAMi.list
 
15:57:04 **** Incremental Build of configuration Debug for project PAMi ****
make -j8 all 
arm-none-eabi-gcc "../Core/Src/main.c" -mcpu=cortex-m4 -std=gnu11 -g3 -DDEBUG -DUSE_HAL_DRIVER -DSTM32G431xx -c -I../Core/Inc -I../Drivers/STM32G4xx_HAL_Driver/Inc -I../Drivers/STM32G4xx_HAL_Driver/Inc/Legacy -I../Drivers/CMSIS/Device/ST/STM32G4xx/Include -I../Drivers/CMSIS/Include -O0 -ffunction-sections -fdata-sections -Wall -fstack-usage -fcyclomatic-complexity -MMD -MP -MF"Core/Src/main.d" -MT"Core/Src/main.o" --specs=nano.specs -mfpu=fpv4-sp-d16 -mfloat-abi=hard -mthumb -o "Core/Src/main.o"
arm-none-eabi-gcc -o "PAMi.elf" @"objects.list"   -mcpu=cortex-m4 -T"C:\Users\lucas\Documents\GitHub\2526_Projet1AB_SPIP\Firmware\PAMi\STM32G431CBUX_FLASH.ld" --specs=nosys.specs -Wl,-Map="PAMi.map" -Wl,--gc-sections -static --specs=nano.specs -mfpu=fpv4-sp-d16 -mfloat-abi=hard -mthumb -u _printf_float -Wl,--start-group -lc -lm -Wl,--end-group
Finished building target: PAMi.elf
 
arm-none-eabi-size  PAMi.elf 
arm-none-eabi-objdump -h -S PAMi.elf  > "PAMi.list"
   text	   data	    bss	    dec	    hex	filename
  35752	    468	   2644	  38864	   97d0	PAMi.elf
Finished building: default.size.stdout
 
Finished building: PAMi.list
 
15:57:54 **** Incremental Build of configuration Debug for project PAMi ****
make -j8 all 
arm-none-eabi-gcc "../Core/Src/mouvement.c" -mcpu=cortex-m4 -std=gnu11 -g3 -DDEBUG -DUSE_HAL_DRIVER -DSTM32G431xx -c -I../Core/Inc -I../Drivers/STM32G4xx_HAL_Driver/Inc -I../Drivers/STM32G4xx_HAL_Driver/Inc/Legacy -I../Drivers/CMSIS/Device/ST/STM32G4xx/Include -I../Drivers/CMSIS/Include -O0 -ffunction-sections -fdata-sections -Wall -fstack-usage -fcyclomatic-complexity -MMD -MP -MF"Core/Src/mouvement.d" -MT"Core/Src/mouvement.o" --specs=nano.specs -mfpu=fpv4-sp-d16 -mfloat-abi=hard -mthumb -o "Core/Src/mouvement.o"
arm-none-eabi-gcc -o "PAMi.elf" @"objects.list"   -mcpu=cortex-m4 -T"C:\Users\lucas\Documents\GitHub\2526_Projet1AB_SPIP\Firmware\PAMi\STM32G431CBUX_FLASH.ld" --specs=nosys.specs -Wl,-Map="PAMi.map" -Wl,--gc-sections -static --specs=nano.specs -mfpu=fpv4-sp-d16 -mfloat-abi=hard -mthumb -u _printf_float -Wl,--start-group -lc -lm -Wl,--end-group
Finished building target: PAMi.elf
 
arm-none-eabi-size  PAMi.elf 
arm-none-eabi-objdump -h -S PAMi.elf  > "PAMi.list"
   text	   data	    bss	    dec	    hex	filename
  35776	    468	   2644	  38888	   97e8	PAMi.elf
Finished building: default.size.stdout
 
Finished building: PAMi.list
 
15:58:22 **** Incremental Build of configuration Debug for project PAMi ****
make -j8 all 
arm-none-eabi-gcc "../Core/Src/mouvement.c" -mcpu=cortex-m4 -std=gnu11 -g3 -DDEBUG -DUSE_HAL_DRIVER -DSTM32G431xx -c -I../Core/Inc -I../Drivers/STM32G4xx_HAL_Driver/Inc -I../Drivers/STM32G4xx_HAL_Driver/Inc/Legacy -I../Drivers/CMSIS/Device/ST/STM32G4xx/Include -I../Drivers/CMSIS/Include -O0 -ffunction-sections -fdata-sections -Wall -fstack-usage -fcyclomatic-complexity -MMD -MP -MF"Core/Src/mouvement.d" -MT"Core/Src/mouvement.o" --specs=nano.specs -mfpu=fpv4-sp-d16 -mfloat-abi=hard -mthumb -o "Core/Src/mouvement.o"
arm-none-eabi-gcc -o "PAMi.elf" @"objects.list"   -mcpu=cortex-m4 -T"C:\Users\lucas\Documents\GitHub\2526_Projet1AB_SPIP\Firmware\PAMi\STM32G431CBUX_FLASH.ld" --specs=nosys.specs -Wl,-Map="PAMi.map" -Wl,--gc-sections -static --specs=nano.specs -mfpu=fpv4-sp-d16 -mfloat-abi=hard -mthumb -u _printf_float -Wl,--start-group -lc -lm -Wl,--end-group
Finished building target: PAMi.elf
 
arm-none-eabi-size  PAMi.elf 
arm-none-eabi-objdump -h -S PAMi.elf  > "PAMi.list"
   text	   data	    bss	    dec	    hex	filename
  35752	    468	   2644	  38864	   97d0	PAMi.elf
Finished building: default.size.stdout
 
Finished building: PAMi.list
 
15:58:50 **** Incremental Build of configuration Debug for project PAMi ****
make -j8 all 
arm-none-eabi-size  PAMi.elf 
   text	   data	    bss	    dec	    hex	filename
  35752	    468	   2644	  38864	   97d0	PAMi.elf
Finished building: default.size.stdout
 
15:59:12 **** Incremental Build of configuration Debug for project PAMi ****
make -j8 all 
arm-none-eabi-gcc "../Core/Src/mouvement.c" -mcpu=cortex-m4 -std=gnu11 -g3 -DDEBUG -DUSE_HAL_DRIVER -DSTM32G431xx -c -I../Core/Inc -I../Drivers/STM32G4xx_HAL_Driver/Inc -I../Drivers/STM32G4xx_HAL_Driver/Inc/Legacy -I../Drivers/CMSIS/Device/ST/STM32G4xx/Include -I../Drivers/CMSIS/Include -O0 -ffunction-sections -fdata-sections -Wall -fstack-usage -fcyclomatic-complexity -MMD -MP -MF"Core/Src/mouvement.d" -MT"Core/Src/mouvement.o" --specs=nano.specs -mfpu=fpv4-sp-d16 -mfloat-abi=hard -mthumb -o "Core/Src/mouvement.o"
arm-none-eabi-gcc -o "PAMi.elf" @"objects.list"   -mcpu=cortex-m4 -T"C:\Users\lucas\Documents\GitHub\2526_Projet1AB_SPIP\Firmware\PAMi\STM32G431CBUX_FLASH.ld" --specs=nosys.specs -Wl,-Map="PAMi.map" -Wl,--gc-sections -static --specs=nano.specs -mfpu=fpv4-sp-d16 -mfloat-abi=hard -mthumb -u _printf_float -Wl,--start-group -lc -lm -Wl,--end-group
Finished building target: PAMi.elf
 
arm-none-eabi-size  PAMi.elf 
arm-none-eabi-objdump -h -S PAMi.elf  > "PAMi.list"
   text	   data	    bss	    dec	    hex	filename
  35776	    468	   2644	  38888	   97e8	PAMi.elf
Finished building: default.size.stdout
 
Finished building: PAMi.list
 
16:00:53 **** Incremental Build of configuration Debug for project PAMi ****
make -j8 all 
arm-none-eabi-gcc "../Core/Src/main.c" -mcpu=cortex-m4 -std=gnu11 -g3 -DDEBUG -DUSE_HAL_DRIVER -DSTM32G431xx -c -I../Core/Inc -I../Drivers/STM32G4xx_HAL_Driver/Inc -I../Drivers/STM32G4xx_HAL_Driver/Inc/Legacy -I../Drivers/CMSIS/Device/ST/STM32G4xx/Include -I../Drivers/CMSIS/Include -O0 -ffunction-sections -fdata-sections -Wall -fstack-usage -fcyclomatic-complexity -MMD -MP -MF"Core/Src/main.d" -MT"Core/Src/main.o" --specs=nano.specs -mfpu=fpv4-sp-d16 -mfloat-abi=hard -mthumb -o "Core/Src/main.o"
arm-none-eabi-gcc -o "PAMi.elf" @"objects.list"   -mcpu=cortex-m4 -T"C:\Users\lucas\Documents\GitHub\2526_Projet1AB_SPIP\Firmware\PAMi\STM32G431CBUX_FLASH.ld" --specs=nosys.specs -Wl,-Map="PAMi.map" -Wl,--gc-sections -static --specs=nano.specs -mfpu=fpv4-sp-d16 -mfloat-abi=hard -mthumb -u _printf_float -Wl,--start-group -lc -lm -Wl,--end-group
Finished building target: PAMi.elf
 
arm-none-eabi-size  PAMi.elf 
arm-none-eabi-objdump -h -S PAMi.elf  > "PAMi.list"
   text	   data	    bss	    dec	    hex	filename
  35584	    468	   2644	  38696	   9728	PAMi.elf
Finished building: default.size.stdout
 
Finished building: PAMi.list
 
16:28:15 **** Incremental Build of configuration Debug for project PAMi ****
make -j8 all 
arm-none-eabi-gcc "../Core/Src/main.c" -mcpu=cortex-m4 -std=gnu11 -g3 -DDEBUG -DUSE_HAL_DRIVER -DSTM32G431xx -c -I../Core/Inc -I../Drivers/STM32G4xx_HAL_Driver/Inc -I../Drivers/STM32G4xx_HAL_Driver/Inc/Legacy -I../Drivers/CMSIS/Device/ST/STM32G4xx/Include -I../Drivers/CMSIS/Include -O0 -ffunction-sections -fdata-sections -Wall -fstack-usage -fcyclomatic-complexity -MMD -MP -MF"Core/Src/main.d" -MT"Core/Src/main.o" --specs=nano.specs -mfpu=fpv4-sp-d16 -mfloat-abi=hard -mthumb -o "Core/Src/main.o"
arm-none-eabi-gcc -o "PAMi.elf" @"objects.list"   -mcpu=cortex-m4 -T"C:\Users\lucas\Documents\GitHub\2526_Projet1AB_SPIP\Firmware\PAMi\STM32G431CBUX_FLASH.ld" --specs=nosys.specs -Wl,-Map="PAMi.map" -Wl,--gc-sections -static --specs=nano.specs -mfpu=fpv4-sp-d16 -mfloat-abi=hard -mthumb -u _printf_float -Wl,--start-group -lc -lm -Wl,--end-group
Finished building target: PAMi.elf
 
arm-none-eabi-size  PAMi.elf 
arm-none-eabi-objdump -h -S PAMi.elf  > "PAMi.list"
   text	   data	    bss	    dec	    hex	filename
  35776	    468	   2644	  38888	   97e8	PAMi.elf
Finished building: default.size.stdout
 
Finished building: PAMi.list
 
16:28:50 **** Incremental Build of configuration Debug for project PAMi ****
make -j8 all 
arm-none-eabi-gcc "../Core/Src/main.c" -mcpu=cortex-m4 -std=gnu11 -g3 -DDEBUG -DUSE_HAL_DRIVER -DSTM32G431xx -c -I../Core/Inc -I../Drivers/STM32G4xx_HAL_Driver/Inc -I../Drivers/STM32G4xx_HAL_Driver/Inc/Legacy -I../Drivers/CMSIS/Device/ST/STM32G4xx/Include -I../Drivers/CMSIS/Include -O0 -ffunction-sections -fdata-sections -Wall -fstack-usage -fcyclomatic-complexity -MMD -MP -MF"Core/Src/main.d" -MT"Core/Src/main.o" --specs=nano.specs -mfpu=fpv4-sp-d16 -mfloat-abi=hard -mthumb -o "Core/Src/main.o"
arm-none-eabi-gcc -o "PAMi.elf" @"objects.list"   -mcpu=cortex-m4 -T"C:\Users\lucas\Documents\GitHub\2526_Projet1AB_SPIP\Firmware\PAMi\STM32G431CBUX_FLASH.ld" --specs=nosys.specs -Wl,-Map="PAMi.map" -Wl,--gc-sections -static --specs=nano.specs -mfpu=fpv4-sp-d16 -mfloat-abi=hard -mthumb -u _printf_float -Wl,--start-group -lc -lm -Wl,--end-group
Finished building target: PAMi.elf
 
arm-none-eabi-size  PAMi.elf 
arm-none-eabi-objdump -h -S PAMi.elf  > "PAMi.list"
   text	   data	    bss	    dec	    hex	filename
  35584	    468	   2644	  38696	   9728	PAMi.elf
Finished building: default.size.stdout
 
Finished building: PAMi.list
 
16:59:23 **** Incremental Build of configuration Debug for project PAMi ****
make -j8 all 
arm-none-eabi-gcc "../Core/Src/main.c" -mcpu=cortex-m4 -std=gnu11 -g3 -DDEBUG -DUSE_HAL_DRIVER -DSTM32G431xx -c -I../Core/Inc -I../Drivers/STM32G4xx_HAL_Driver/Inc -I../Drivers/STM32G4xx_HAL_Driver/Inc/Legacy -I../Drivers/CMSIS/Device/ST/STM32G4xx/Include -I../Drivers/CMSIS/Include -O0 -ffunction-sections -fdata-sections -Wall -fstack-usage -fcyclomatic-complexity -MMD -MP -MF"Core/Src/main.d" -MT"Core/Src/main.o" --specs=nano.specs -mfpu=fpv4-sp-d16 -mfloat-abi=hard -mthumb -o "Core/Src/main.o"
arm-none-eabi-gcc -o "PAMi.elf" @"objects.list"   -mcpu=cortex-m4 -T"C:\Users\lucas\Documents\GitHub\2526_Projet1AB_SPIP\Firmware\PAMi\STM32G431CBUX_FLASH.ld" --specs=nosys.specs -Wl,-Map="PAMi.map" -Wl,--gc-sections -static --specs=nano.specs -mfpu=fpv4-sp-d16 -mfloat-abi=hard -mthumb -u _printf_float -Wl,--start-group -lc -lm -Wl,--end-group
Finished building target: PAMi.elf
 
arm-none-eabi-size  PAMi.elf 
arm-none-eabi-objdump -h -S PAMi.elf  > "PAMi.list"
   text	   data	    bss	    dec	    hex	filename
  35776	    468	   2644	  38888	   97e8	PAMi.elf
Finished building: default.size.stdout
 
Finished building: PAMi.list
 
17:00:12 **** Incremental Build of configuration Debug for project PAMi ****
make -j8 all 
arm-none-eabi-gcc "../Core/Src/mouvement.c" -mcpu=cortex-m4 -std=gnu11 -g3 -DDEBUG -DUSE_HAL_DRIVER -DSTM32G431xx -c -I../Core/Inc -I../Drivers/STM32G4xx_HAL_Driver/Inc -I../Drivers/STM32G4xx_HAL_Driver/Inc/Legacy -I../Drivers/CMSIS/Device/ST/STM32G4xx/Include -I../Drivers/CMSIS/Include -O0 -ffunction-sections -fdata-sections -Wall -fstack-usage -fcyclomatic-complexity -MMD -MP -MF"Core/Src/mouvement.d" -MT"Core/Src/mouvement.o" --specs=nano.specs -mfpu=fpv4-sp-d16 -mfloat-abi=hard -mthumb -o "Core/Src/mouvement.o"
arm-none-eabi-gcc -o "PAMi.elf" @"objects.list"   -mcpu=cortex-m4 -T"C:\Users\lucas\Documents\GitHub\2526_Projet1AB_SPIP\Firmware\PAMi\STM32G431CBUX_FLASH.ld" --specs=nosys.specs -Wl,-Map="PAMi.map" -Wl,--gc-sections -static --specs=nano.specs -mfpu=fpv4-sp-d16 -mfloat-abi=hard -mthumb -u _printf_float -Wl,--start-group -lc -lm -Wl,--end-group
Finished building target: PAMi.elf
 
arm-none-eabi-size  PAMi.elf 
arm-none-eabi-objdump -h -S PAMi.elf  > "PAMi.list"
   text	   data	    bss	    dec	    hex	filename
  35768	    468	   2644	  38880	   97e0	PAMi.elf
Finished building: default.size.stdout
 
Finished building: PAMi.list
 
17:00:38 **** Incremental Build of configuration Debug for project PAMi ****
make -j8 all 
arm-none-eabi-gcc "../Core/Src/mouvement.c" -mcpu=cortex-m4 -std=gnu11 -g3 -DDEBUG -DUSE_HAL_DRIVER -DSTM32G431xx -c -I../Core/Inc -I../Drivers/STM32G4xx_HAL_Driver/Inc -I../Drivers/STM32G4xx_HAL_Driver/Inc/Legacy -I../Drivers/CMSIS/Device/ST/STM32G4xx/Include -I../Drivers/CMSIS/Include -O0 -ffunction-sections -fdata-sections -Wall -fstack-usage -fcyclomatic-complexity -MMD -MP -MF"Core/Src/mouvement.d" -MT"Core/Src/mouvement.o" --specs=nano.specs -mfpu=fpv4-sp-d16 -mfloat-abi=hard -mthumb -o "Core/Src/mouvement.o"
arm-none-eabi-gcc -o "PAMi.elf" @"objects.list"   -mcpu=cortex-m4 -T"C:\Users\lucas\Documents\GitHub\2526_Projet1AB_SPIP\Firmware\PAMi\STM32G431CBUX_FLASH.ld" --specs=nosys.specs -Wl,-Map="PAMi.map" -Wl,--gc-sections -static --specs=nano.specs -mfpu=fpv4-sp-d16 -mfloat-abi=hard -mthumb -u _printf_float -Wl,--start-group -lc -lm -Wl,--end-group
Finished building target: PAMi.elf
 
arm-none-eabi-size  PAMi.elf 
arm-none-eabi-objdump -h -S PAMi.elf  > "PAMi.list"
   text	   data	    bss	    dec	    hex	filename
  35752	    468	   2644	  38864	   97d0	PAMi.elf
Finished building: default.size.stdout
 
Finished building: PAMi.list
 
17:07:28 **** Incremental Build of configuration Debug for project PAMi ****
make -j8 all 
arm-none-eabi-gcc "../Core/Src/mouvement.c" -mcpu=cortex-m4 -std=gnu11 -g3 -DDEBUG -DUSE_HAL_DRIVER -DSTM32G431xx -c -I../Core/Inc -I../Drivers/STM32G4xx_HAL_Driver/Inc -I../Drivers/STM32G4xx_HAL_Driver/Inc/Legacy -I../Drivers/CMSIS/Device/ST/STM32G4xx/Include -I../Drivers/CMSIS/Include -O0 -ffunction-sections -fdata-sections -Wall -fstack-usage -fcyclomatic-complexity -MMD -MP -MF"Core/Src/mouvement.d" -MT"Core/Src/mouvement.o" --specs=nano.specs -mfpu=fpv4-sp-d16 -mfloat-abi=hard -mthumb -o "Core/Src/mouvement.o"
arm-none-eabi-gcc -o "PAMi.elf" @"objects.list"   -mcpu=cortex-m4 -T"C:\Users\lucas\Documents\GitHub\2526_Projet1AB_SPIP\Firmware\PAMi\STM32G431CBUX_FLASH.ld" --specs=nosys.specs -Wl,-Map="PAMi.map" -Wl,--gc-sections -static --specs=nano.specs -mfpu=fpv4-sp-d16 -mfloat-abi=hard -mthumb -u _printf_float -Wl,--start-group -lc -lm -Wl,--end-group
Finished building target: PAMi.elf
 
arm-none-eabi-size  PAMi.elf 
arm-none-eabi-objdump -h -S PAMi.elf  > "PAMi.list"
   text	   data	    bss	    dec	    hex	filename
  35832	    468	   2644	  38944	   9820	PAMi.elf
Finished building: default.size.stdout
 
Finished building: PAMi.list
 
17:07:51 **** Incremental Build of configuration Debug for project PAMi ****
make -j8 all 
arm-none-eabi-size  PAMi.elf 
   text	   data	    bss	    dec	    hex	filename
  35832	    468	   2644	  38944	   9820	PAMi.elf
Finished building: default.size.stdout
 
17:08:40 **** Incremental Build of configuration Debug for project PAMi ****
make -j8 all 
arm-none-eabi-gcc "../Core/Src/main.c" -mcpu=cortex-m4 -std=gnu11 -g3 -DDEBUG -DUSE_HAL_DRIVER -DSTM32G431xx -c -I../Core/Inc -I../Drivers/STM32G4xx_HAL_Driver/Inc -I../Drivers/STM32G4xx_HAL_Driver/Inc/Legacy -I../Drivers/CMSIS/Device/ST/STM32G4xx/Include -I../Drivers/CMSIS/Include -O0 -ffunction-sections -fdata-sections -Wall -fstack-usage -fcyclomatic-complexity -MMD -MP -MF"Core/Src/main.d" -MT"Core/Src/main.o" --specs=nano.specs -mfpu=fpv4-sp-d16 -mfloat-abi=hard -mthumb -o "Core/Src/main.o"
arm-none-eabi-gcc -o "PAMi.elf" @"objects.list"   -mcpu=cortex-m4 -T"C:\Users\lucas\Documents\GitHub\2526_Projet1AB_SPIP\Firmware\PAMi\STM32G431CBUX_FLASH.ld" --specs=nosys.specs -Wl,-Map="PAMi.map" -Wl,--gc-sections -static --specs=nano.specs -mfpu=fpv4-sp-d16 -mfloat-abi=hard -mthumb -u _printf_float -Wl,--start-group -lc -lm -Wl,--end-group
Finished building target: PAMi.elf
 
arm-none-eabi-size  PAMi.elf 
arm-none-eabi-objdump -h -S PAMi.elf  > "PAMi.list"
   text	   data	    bss	    dec	    hex	filename
  35832	    468	   2644	  38944	   9820	PAMi.elf
Finished building: default.size.stdout
 
Finished building: PAMi.list
 
17:14:18 **** Incremental Build of configuration Debug for project PAMi ****
make -j8 all 
arm-none-eabi-gcc "../Core/Src/mouvement.c" -mcpu=cortex-m4 -std=gnu11 -g3 -DDEBUG -DUSE_HAL_DRIVER -DSTM32G431xx -c -I../Core/Inc -I../Drivers/STM32G4xx_HAL_Driver/Inc -I../Drivers/STM32G4xx_HAL_Driver/Inc/Legacy -I../Drivers/CMSIS/Device/ST/STM32G4xx/Include -I../Drivers/CMSIS/Include -O0 -ffunction-sections -fdata-sections -Wall -fstack-usage -fcyclomatic-complexity -MMD -MP -MF"Core/Src/mouvement.d" -MT"Core/Src/mouvement.o" --specs=nano.specs -mfpu=fpv4-sp-d16 -mfloat-abi=hard -mthumb -o "Core/Src/mouvement.o"
arm-none-eabi-gcc -o "PAMi.elf" @"objects.list"   -mcpu=cortex-m4 -T"C:\Users\lucas\Documents\GitHub\2526_Projet1AB_SPIP\Firmware\PAMi\STM32G431CBUX_FLASH.ld" --specs=nosys.specs -Wl,-Map="PAMi.map" -Wl,--gc-sections -static --specs=nano.specs -mfpu=fpv4-sp-d16 -mfloat-abi=hard -mthumb -u _printf_float -Wl,--start-group -lc -lm -Wl,--end-group
Finished building target: PAMi.elf
 
arm-none-eabi-size  PAMi.elf 
arm-none-eabi-objdump -h -S PAMi.elf  > "PAMi.list"
   text	   data	    bss	    dec	    hex	filename
  35856	    468	   2644	  38968	   9838	PAMi.elf
Finished building: default.size.stdout
 
Finished building: PAMi.list
 
17:17:21 **** Incremental Build of configuration Debug for project PAMi ****
make -j8 all 
arm-none-eabi-gcc "../Core/Src/main.c" -mcpu=cortex-m4 -std=gnu11 -g3 -DDEBUG -DUSE_HAL_DRIVER -DSTM32G431xx -c -I../Core/Inc -I../Drivers/STM32G4xx_HAL_Driver/Inc -I../Drivers/STM32G4xx_HAL_Driver/Inc/Legacy -I../Drivers/CMSIS/Device/ST/STM32G4xx/Include -I../Drivers/CMSIS/Include -O0 -ffunction-sections -fdata-sections -Wall -fstack-usage -fcyclomatic-complexity -MMD -MP -MF"Core/Src/main.d" -MT"Core/Src/main.o" --specs=nano.specs -mfpu=fpv4-sp-d16 -mfloat-abi=hard -mthumb -o "Core/Src/main.o"
arm-none-eabi-gcc -o "PAMi.elf" @"objects.list"   -mcpu=cortex-m4 -T"C:\Users\lucas\Documents\GitHub\2526_Projet1AB_SPIP\Firmware\PAMi\STM32G431CBUX_FLASH.ld" --specs=nosys.specs -Wl,-Map="PAMi.map" -Wl,--gc-sections -static --specs=nano.specs -mfpu=fpv4-sp-d16 -mfloat-abi=hard -mthumb -u _printf_float -Wl,--start-group -lc -lm -Wl,--end-group
Finished building target: PAMi.elf
 
arm-none-eabi-size  PAMi.elf 
arm-none-eabi-objdump -h -S PAMi.elf  > "PAMi.list"
   text	   data	    bss	    dec	    hex	filename
  35952	    468	   2644	  39064	   9898	PAMi.elf
Finished building: default.size.stdout
 
Finished building: PAMi.list
 
17:18:47 **** Incremental Build of configuration Debug for project PAMi ****
make -j8 all 
arm-none-eabi-gcc "../Core/Src/main.c" -mcpu=cortex-m4 -std=gnu11 -g3 -DDEBUG -DUSE_HAL_DRIVER -DSTM32G431xx -c -I../Core/Inc -I../Drivers/STM32G4xx_HAL_Driver/Inc -I../Drivers/STM32G4xx_HAL_Driver/Inc/Legacy -I../Drivers/CMSIS/Device/ST/STM32G4xx/Include -I../Drivers/CMSIS/Include -O0 -ffunction-sections -fdata-sections -Wall -fstack-usage -fcyclomatic-complexity -MMD -MP -MF"Core/Src/main.d" -MT"Core/Src/main.o" --specs=nano.specs -mfpu=fpv4-sp-d16 -mfloat-abi=hard -mthumb -o "Core/Src/main.o"
arm-none-eabi-gcc -o "PAMi.elf" @"objects.list"   -mcpu=cortex-m4 -T"C:\Users\lucas\Documents\GitHub\2526_Projet1AB_SPIP\Firmware\PAMi\STM32G431CBUX_FLASH.ld" --specs=nosys.specs -Wl,-Map="PAMi.map" -Wl,--gc-sections -static --specs=nano.specs -mfpu=fpv4-sp-d16 -mfloat-abi=hard -mthumb -u _printf_float -Wl,--start-group -lc -lm -Wl,--end-group
Finished building target: PAMi.elf
 
arm-none-eabi-size  PAMi.elf 
arm-none-eabi-objdump -h -S PAMi.elf  > "PAMi.list"
   text	   data	    bss	    dec	    hex	filename
  35952	    468	   2644	  39064	   9898	PAMi.elf
Finished building: default.size.stdout
 
Finished building: PAMi.list
 
17:19:07 **** Incremental Build of configuration Debug for project PAMi ****
make -j8 all 
arm-none-eabi-size  PAMi.elf 
   text	   data	    bss	    dec	    hex	filename
  35952	    468	   2644	  39064	   9898	PAMi.elf
Finished building: default.size.stdout
 
17:20:17 **** Incremental Build of configuration Debug for project PAMi ****
make -j8 all 
arm-none-eabi-gcc "../Core/Src/main.c" -mcpu=cortex-m4 -std=gnu11 -g3 -DDEBUG -DUSE_HAL_DRIVER -DSTM32G431xx -c -I../Core/Inc -I../Drivers/STM32G4xx_HAL_Driver/Inc -I../Drivers/STM32G4xx_HAL_Driver/Inc/Legacy -I../Drivers/CMSIS/Device/ST/STM32G4xx/Include -I../Drivers/CMSIS/Include -O0 -ffunction-sections -fdata-sections -Wall -fstack-usage -fcyclomatic-complexity -MMD -MP -MF"Core/Src/main.d" -MT"Core/Src/main.o" --specs=nano.specs -mfpu=fpv4-sp-d16 -mfloat-abi=hard -mthumb -o "Core/Src/main.o"
arm-none-eabi-gcc -o "PAMi.elf" @"objects.list"   -mcpu=cortex-m4 -T"C:\Users\lucas\Documents\GitHub\2526_Projet1AB_SPIP\Firmware\PAMi\STM32G431CBUX_FLASH.ld" --specs=nosys.specs -Wl,-Map="PAMi.map" -Wl,--gc-sections -static --specs=nano.specs -mfpu=fpv4-sp-d16 -mfloat-abi=hard -mthumb -u _printf_float -Wl,--start-group -lc -lm -Wl,--end-group
Finished building target: PAMi.elf
 
arm-none-eabi-size  PAMi.elf 
arm-none-eabi-objdump -h -S PAMi.elf  > "PAMi.list"
   text	   data	    bss	    dec	    hex	filename
  35704	    468	   2644	  38816	   97a0	PAMi.elf
Finished building: default.size.stdout
 
Finished building: PAMi.list
 
17:20:32 **** Incremental Build of configuration Debug for project PAMi ****
make -j8 all 
arm-none-eabi-size  PAMi.elf 
   text	   data	    bss	    dec	    hex	filename
  35704	    468	   2644	  38816	   97a0	PAMi.elf
Finished building: default.size.stdout
 
17:20:43 **** Incremental Build of configuration Debug for project PAMi ****
make -j8 all 
arm-none-eabi-size  PAMi.elf 
   text	   data	    bss	    dec	    hex	filename
  35704	    468	   2644	  38816	   97a0	PAMi.elf
Finished building: default.size.stdout
 
17:22:46 **** Incremental Build of configuration Debug for project PAMi ****
make -j8 all 
arm-none-eabi-gcc "../Core/Src/main.c" -mcpu=cortex-m4 -std=gnu11 -g3 -DDEBUG -DUSE_HAL_DRIVER -DSTM32G431xx -c -I../Core/Inc -I../Drivers/STM32G4xx_HAL_Driver/Inc -I../Drivers/STM32G4xx_HAL_Driver/Inc/Legacy -I../Drivers/CMSIS/Device/ST/STM32G4xx/Include -I../Drivers/CMSIS/Include -O0 -ffunction-sections -fdata-sections -Wall -fstack-usage -fcyclomatic-complexity -MMD -MP -MF"Core/Src/main.d" -MT"Core/Src/main.o" --specs=nano.specs -mfpu=fpv4-sp-d16 -mfloat-abi=hard -mthumb -o "Core/Src/main.o"
arm-none-eabi-gcc -o "PAMi.elf" @"objects.list"   -mcpu=cortex-m4 -T"C:\Users\lucas\Documents\GitHub\2526_Projet1AB_SPIP\Firmware\PAMi\STM32G431CBUX_FLASH.ld" --specs=nosys.specs -Wl,-Map="PAMi.map" -Wl,--gc-sections -static --specs=nano.specs -mfpu=fpv4-sp-d16 -mfloat-abi=hard -mthumb -u _printf_float -Wl,--start-group -lc -lm -Wl,--end-group
Finished building target: PAMi.elf
 
arm-none-eabi-size  PAMi.elf 
arm-none-eabi-objdump -h -S PAMi.elf  > "PAMi.list"
   text	   data	    bss	    dec	    hex	filename
  35704	    468	   2644	  38816	   97a0	PAMi.elf
Finished building: default.size.stdout
 
Finished building: PAMi.list
 
17:24:02 **** Incremental Build of configuration Debug for project PAMi ****
make -j8 all 
arm-none-eabi-gcc "../Core/Src/main.c" -mcpu=cortex-m4 -std=gnu11 -g3 -DDEBUG -DUSE_HAL_DRIVER -DSTM32G431xx -c -I../Core/Inc -I../Drivers/STM32G4xx_HAL_Driver/Inc -I../Drivers/STM32G4xx_HAL_Driver/Inc/Legacy -I../Drivers/CMSIS/Device/ST/STM32G4xx/Include -I../Drivers/CMSIS/Include -O0 -ffunction-sections -fdata-sections -Wall -fstack-usage -fcyclomatic-complexity -MMD -MP -MF"Core/Src/main.d" -MT"Core/Src/main.o" --specs=nano.specs -mfpu=fpv4-sp-d16 -mfloat-abi=hard -mthumb -o "Core/Src/main.o"
arm-none-eabi-gcc -o "PAMi.elf" @"objects.list"   -mcpu=cortex-m4 -T"C:\Users\lucas\Documents\GitHub\2526_Projet1AB_SPIP\Firmware\PAMi\STM32G431CBUX_FLASH.ld" --specs=nosys.specs -Wl,-Map="PAMi.map" -Wl,--gc-sections -static --specs=nano.specs -mfpu=fpv4-sp-d16 -mfloat-abi=hard -mthumb -u _printf_float -Wl,--start-group -lc -lm -Wl,--end-group
Finished building target: PAMi.elf
 
arm-none-eabi-size  PAMi.elf 
arm-none-eabi-objdump -h -S PAMi.elf  > "PAMi.list"
   text	   data	    bss	    dec	    hex	filename
  35656	    468	   2644	  38768	   9770	PAMi.elf
Finished building: default.size.stdout
 
Finished building: PAMi.list
 
17:24:30 **** Incremental Build of configuration Debug for project PAMi ****
make -j8 all 
arm-none-eabi-size  PAMi.elf 
   text	   data	    bss	    dec	    hex	filename
  35656	    468	   2644	  38768	   9770	PAMi.elf
Finished building: default.size.stdout
 
17:24:44 **** Incremental Build of configuration Debug for project PAMi ****
make -j8 all 
arm-none-eabi-gcc "../Core/Src/main.c" -mcpu=cortex-m4 -std=gnu11 -g3 -DDEBUG -DUSE_HAL_DRIVER -DSTM32G431xx -c -I../Core/Inc -I../Drivers/STM32G4xx_HAL_Driver/Inc -I../Drivers/STM32G4xx_HAL_Driver/Inc/Legacy -I../Drivers/CMSIS/Device/ST/STM32G4xx/Include -I../Drivers/CMSIS/Include -O0 -ffunction-sections -fdata-sections -Wall -fstack-usage -fcyclomatic-complexity -MMD -MP -MF"Core/Src/main.d" -MT"Core/Src/main.o" --specs=nano.specs -mfpu=fpv4-sp-d16 -mfloat-abi=hard -mthumb -o "Core/Src/main.o"
arm-none-eabi-gcc -o "PAMi.elf" @"objects.list"   -mcpu=cortex-m4 -T"C:\Users\lucas\Documents\GitHub\2526_Projet1AB_SPIP\Firmware\PAMi\STM32G431CBUX_FLASH.ld" --specs=nosys.specs -Wl,-Map="PAMi.map" -Wl,--gc-sections -static --specs=nano.specs -mfpu=fpv4-sp-d16 -mfloat-abi=hard -mthumb -u _printf_float -Wl,--start-group -lc -lm -Wl,--end-group
Finished building target: PAMi.elf
 
arm-none-eabi-size  PAMi.elf 
arm-none-eabi-objdump -h -S PAMi.elf  > "PAMi.list"
   text	   data	    bss	    dec	    hex	filename
  35648	    468	   2644	  38760	   9768	PAMi.elf
Finished building: default.size.stdout
 
Finished building: PAMi.list
 
17:26:06 **** Incremental Build of configuration Debug for project PAMi ****
make -j8 all 
arm-none-eabi-gcc "../Core/Src/mouvement.c" -mcpu=cortex-m4 -std=gnu11 -g3 -DDEBUG -DUSE_HAL_DRIVER -DSTM32G431xx -c -I../Core/Inc -I../Drivers/STM32G4xx_HAL_Driver/Inc -I../Drivers/STM32G4xx_HAL_Driver/Inc/Legacy -I../Drivers/CMSIS/Device/ST/STM32G4xx/Include -I../Drivers/CMSIS/Include -O0 -ffunction-sections -fdata-sections -Wall -fstack-usage -fcyclomatic-complexity -MMD -MP -MF"Core/Src/mouvement.d" -MT"Core/Src/mouvement.o" --specs=nano.specs -mfpu=fpv4-sp-d16 -mfloat-abi=hard -mthumb -o "Core/Src/mouvement.o"
arm-none-eabi-gcc -o "PAMi.elf" @"objects.list"   -mcpu=cortex-m4 -T"C:\Users\lucas\Documents\GitHub\2526_Projet1AB_SPIP\Firmware\PAMi\STM32G431CBUX_FLASH.ld" --specs=nosys.specs -Wl,-Map="PAMi.map" -Wl,--gc-sections -static --specs=nano.specs -mfpu=fpv4-sp-d16 -mfloat-abi=hard -mthumb -u _printf_float -Wl,--start-group -lc -lm -Wl,--end-group
Finished building target: PAMi.elf
 
arm-none-eabi-size  PAMi.elf 
arm-none-eabi-objdump -h -S PAMi.elf  > "PAMi.list"
   text	   data	    bss	    dec	    hex	filename
  35624	    468	   2644	  38736	   9750	PAMi.elf
Finished building: default.size.stdout
 
Finished building: PAMi.list
 
17:28:31 **** Incremental Build of configuration Debug for project PAMi ****
make -j8 all 
arm-none-eabi-gcc "../Core/Src/main.c" -mcpu=cortex-m4 -std=gnu11 -g3 -DDEBUG -DUSE_HAL_DRIVER -DSTM32G431xx -c -I../Core/Inc -I../Drivers/STM32G4xx_HAL_Driver/Inc -I../Drivers/STM32G4xx_HAL_Driver/Inc/Legacy -I../Drivers/CMSIS/Device/ST/STM32G4xx/Include -I../Drivers/CMSIS/Include -O0 -ffunction-sections -fdata-sections -Wall -fstack-usage -fcyclomatic-complexity -MMD -MP -MF"Core/Src/main.d" -MT"Core/Src/main.o" --specs=nano.specs -mfpu=fpv4-sp-d16 -mfloat-abi=hard -mthumb -o "Core/Src/main.o"
arm-none-eabi-gcc -o "PAMi.elf" @"objects.list"   -mcpu=cortex-m4 -T"C:\Users\lucas\Documents\GitHub\2526_Projet1AB_SPIP\Firmware\PAMi\STM32G431CBUX_FLASH.ld" --specs=nosys.specs -Wl,-Map="PAMi.map" -Wl,--gc-sections -static --specs=nano.specs -mfpu=fpv4-sp-d16 -mfloat-abi=hard -mthumb -u _printf_float -Wl,--start-group -lc -lm -Wl,--end-group
Finished building target: PAMi.elf
 
arm-none-eabi-size  PAMi.elf 
arm-none-eabi-objdump -h -S PAMi.elf  > "PAMi.list"
   text	   data	    bss	    dec	    hex	filename
  35544	    468	   2644	  38656	   9700	PAMi.elf
Finished building: default.size.stdout
 
Finished building: PAMi.list
 
17:28:55 **** Incremental Build of configuration Debug for project PAMi ****
make -j8 all 
arm-none-eabi-size  PAMi.elf 
   text	   data	    bss	    dec	    hex	filename
  35544	    468	   2644	  38656	   9700	PAMi.elf
Finished building: default.size.stdout
 
17:29:03 **** Incremental Build of configuration Debug for project PAMi ****
make -j8 all 
arm-none-eabi-size  PAMi.elf 
   text	   data	    bss	    dec	    hex	filename
  35544	    468	   2644	  38656	   9700	PAMi.elf
Finished building: default.size.stdout
 
17:29:17 **** Incremental Build of configuration Debug for project PAMi ****
make -j8 all 
arm-none-eabi-size  PAMi.elf 
   text	   data	    bss	    dec	    hex	filename
  35544	    468	   2644	  38656	   9700	PAMi.elf
Finished building: default.size.stdout
 
17:29:35 **** Incremental Build of configuration Debug for project PAMi ****
make -j8 all 
arm-none-eabi-size  PAMi.elf 
   text	   data	    bss	    dec	    hex	filename
  35544	    468	   2644	  38656	   9700	PAMi.elf
Finished building: default.size.stdout
 
17:32:57 **** Incremental Build of configuration Debug for project PAMi ****
make -j8 all 
arm-none-eabi-size  PAMi.elf 
   text	   data	    bss	    dec	    hex	filename
  35544	    468	   2644	  38656	   9700	PAMi.elf
Finished building: default.size.stdout
 
17:33:57 **** Incremental Build of configuration Debug for project PAMi ****
make -j8 all 
arm-none-eabi-size  PAMi.elf 
   text	   data	    bss	    dec	    hex	filename
  35544	    468	   2644	  38656	   9700	PAMi.elf
Finished building: default.size.stdout
 
17:34:47 **** Incremental Build of configuration Debug for project PAMi ****
make -j8 all 
arm-none-eabi-gcc "../Core/Src/main.c" -mcpu=cortex-m4 -std=gnu11 -g3 -DDEBUG -DUSE_HAL_DRIVER -DSTM32G431xx -c -I../Core/Inc -I../Drivers/STM32G4xx_HAL_Driver/Inc -I../Drivers/STM32G4xx_HAL_Driver/Inc/Legacy -I../Drivers/CMSIS/Device/ST/STM32G4xx/Include -I../Drivers/CMSIS/Include -O0 -ffunction-sections -fdata-sections -Wall -fstack-usage -fcyclomatic-complexity -MMD -MP -MF"Core/Src/main.d" -MT"Core/Src/main.o" --specs=nano.specs -mfpu=fpv4-sp-d16 -mfloat-abi=hard -mthumb -o "Core/Src/main.o"
arm-none-eabi-gcc -o "PAMi.elf" @"objects.list"   -mcpu=cortex-m4 -T"C:\Users\lucas\Documents\GitHub\2526_Projet1AB_SPIP\Firmware\PAMi\STM32G431CBUX_FLASH.ld" --specs=nosys.specs -Wl,-Map="PAMi.map" -Wl,--gc-sections -static --specs=nano.specs -mfpu=fpv4-sp-d16 -mfloat-abi=hard -mthumb -u _printf_float -Wl,--start-group -lc -lm -Wl,--end-group
Finished building target: PAMi.elf
 
arm-none-eabi-size  PAMi.elf 
arm-none-eabi-objdump -h -S PAMi.elf  > "PAMi.list"
   text	   data	    bss	    dec	    hex	filename
  35544	    468	   2644	  38656	   9700	PAMi.elf
Finished building: default.size.stdout
 
Finished building: PAMi.list
 
17:35:26 **** Incremental Build of configuration Debug for project PAMi ****
make -j8 all 
arm-none-eabi-gcc "../Core/Src/main.c" -mcpu=cortex-m4 -std=gnu11 -g3 -DDEBUG -DUSE_HAL_DRIVER -DSTM32G431xx -c -I../Core/Inc -I../Drivers/STM32G4xx_HAL_Driver/Inc -I../Drivers/STM32G4xx_HAL_Driver/Inc/Legacy -I../Drivers/CMSIS/Device/ST/STM32G4xx/Include -I../Drivers/CMSIS/Include -O0 -ffunction-sections -fdata-sections -Wall -fstack-usage -fcyclomatic-complexity -MMD -MP -MF"Core/Src/main.d" -MT"Core/Src/main.o" --specs=nano.specs -mfpu=fpv4-sp-d16 -mfloat-abi=hard -mthumb -o "Core/Src/main.o"
arm-none-eabi-gcc -o "PAMi.elf" @"objects.list"   -mcpu=cortex-m4 -T"C:\Users\lucas\Documents\GitHub\2526_Projet1AB_SPIP\Firmware\PAMi\STM32G431CBUX_FLASH.ld" --specs=nosys.specs -Wl,-Map="PAMi.map" -Wl,--gc-sections -static --specs=nano.specs -mfpu=fpv4-sp-d16 -mfloat-abi=hard -mthumb -u _printf_float -Wl,--start-group -lc -lm -Wl,--end-group
Finished building target: PAMi.elf
 
arm-none-eabi-size  PAMi.elf 
arm-none-eabi-objdump -h -S PAMi.elf  > "PAMi.list"
   text	   data	    bss	    dec	    hex	filename
  35544	    468	   2644	  38656	   9700	PAMi.elf
Finished building: default.size.stdout
 
Finished building: PAMi.list
 
17:46:46 **** Incremental Build of configuration Debug for project PAMi ****
make -j8 all 
arm-none-eabi-gcc "../Core/Src/main.c" -mcpu=cortex-m4 -std=gnu11 -g3 -DDEBUG -DUSE_HAL_DRIVER -DSTM32G431xx -c -I../Core/Inc -I../Drivers/STM32G4xx_HAL_Driver/Inc -I../Drivers/STM32G4xx_HAL_Driver/Inc/Legacy -I../Drivers/CMSIS/Device/ST/STM32G4xx/Include -I../Drivers/CMSIS/Include -O0 -ffunction-sections -fdata-sections -Wall -fstack-usage -fcyclomatic-complexity -MMD -MP -MF"Core/Src/main.d" -MT"Core/Src/main.o" --specs=nano.specs -mfpu=fpv4-sp-d16 -mfloat-abi=hard -mthumb -o "Core/Src/main.o"
arm-none-eabi-gcc -o "PAMi.elf" @"objects.list"   -mcpu=cortex-m4 -T"C:\Users\lucas\Documents\GitHub\2526_Projet1AB_SPIP\Firmware\PAMi\STM32G431CBUX_FLASH.ld" --specs=nosys.specs -Wl,-Map="PAMi.map" -Wl,--gc-sections -static --specs=nano.specs -mfpu=fpv4-sp-d16 -mfloat-abi=hard -mthumb -u _printf_float -Wl,--start-group -lc -lm -Wl,--end-group
Finished building target: PAMi.elf
 
arm-none-eabi-size  PAMi.elf 
arm-none-eabi-objdump -h -S PAMi.elf  > "PAMi.list"
   text	   data	    bss	    dec	    hex	filename
  35544	    468	   2644	  38656	   9700	PAMi.elf
Finished building: default.size.stdout
 
Finished building: PAMi.list
 
17:51:10 **** Incremental Build of configuration Debug for project PAMi ****
make -j8 all 
arm-none-eabi-gcc -o "PAMi.elf" @"objects.list"   -mcpu=cortex-m4 -T"C:\Users\lucas\Documents\Cours ENSEA\ARES\Firmware\PAMi\STM32G431CBUX_FLASH.ld" --specs=nosys.specs -Wl,-Map="PAMi.map" -Wl,--gc-sections -static --specs=nano.specs -mfpu=fpv4-sp-d16 -mfloat-abi=hard -mthumb -u _printf_float -Wl,--start-group -lc -lm -Wl,--end-group
Finished building target: PAMi.elf
 
arm-none-eabi-size  PAMi.elf 
arm-none-eabi-objdump -h -S PAMi.elf  > "PAMi.list"
   text	   data	    bss	    dec	    hex	filename
  35544	    468	   2644	  38656	   9700	PAMi.elf
Finished building: default.size.stdout
 
Finished building: PAMi.list
 
17:52:42 **** Incremental Build of configuration Debug for project PAMi ****
make -j8 all 
arm-none-eabi-gcc "../Core/Src/main.c" -mcpu=cortex-m4 -std=gnu11 -g3 -DDEBUG -DUSE_HAL_DRIVER -DSTM32G431xx -c -I../Core/Inc -I../Drivers/STM32G4xx_HAL_Driver/Inc -I../Drivers/STM32G4xx_HAL_Driver/Inc/Legacy -I../Drivers/CMSIS/Device/ST/STM32G4xx/Include -I../Drivers/CMSIS/Include -O0 -ffunction-sections -fdata-sections -Wall -fstack-usage -fcyclomatic-complexity -MMD -MP -MF"Core/Src/main.d" -MT"Core/Src/main.o" --specs=nano.specs -mfpu=fpv4-sp-d16 -mfloat-abi=hard -mthumb -o "Core/Src/main.o"
arm-none-eabi-gcc -o "PAMi.elf" @"objects.list"   -mcpu=cortex-m4 -T"C:\Users\lucas\Documents\Cours ENSEA\ARES\Firmware\PAMi\STM32G431CBUX_FLASH.ld" --specs=nosys.specs -Wl,-Map="PAMi.map" -Wl,--gc-sections -static --specs=nano.specs -mfpu=fpv4-sp-d16 -mfloat-abi=hard -mthumb -u _printf_float -Wl,--start-group -lc -lm -Wl,--end-group
Finished building target: PAMi.elf
 
arm-none-eabi-size  PAMi.elf 
arm-none-eabi-objdump -h -S PAMi.elf  > "PAMi.list"
   text	   data	    bss	    dec	    hex	filename
  35816	    468	   2644	  38928	   9810	PAMi.elf
Finished building: default.size.stdout
 
Finished building: PAMi.list
 
17:53:32 **** Incremental Build of configuration Debug for project PAMi ****
make -j8 all 
arm-none-eabi-gcc "../Core/Src/main.c" -mcpu=cortex-m4 -std=gnu11 -g3 -DDEBUG -DUSE_HAL_DRIVER -DSTM32G431xx -c -I../Core/Inc -I../Drivers/STM32G4xx_HAL_Driver/Inc -I../Drivers/STM32G4xx_HAL_Driver/Inc/Legacy -I../Drivers/CMSIS/Device/ST/STM32G4xx/Include -I../Drivers/CMSIS/Include -O0 -ffunction-sections -fdata-sections -Wall -fstack-usage -fcyclomatic-complexity -MMD -MP -MF"Core/Src/main.d" -MT"Core/Src/main.o" --specs=nano.specs -mfpu=fpv4-sp-d16 -mfloat-abi=hard -mthumb -o "Core/Src/main.o"
arm-none-eabi-gcc -o "PAMi.elf" @"objects.list"   -mcpu=cortex-m4 -T"C:\Users\lucas\Documents\Cours ENSEA\ARES\Firmware\PAMi\STM32G431CBUX_FLASH.ld" --specs=nosys.specs -Wl,-Map="PAMi.map" -Wl,--gc-sections -static --specs=nano.specs -mfpu=fpv4-sp-d16 -mfloat-abi=hard -mthumb -u _printf_float -Wl,--start-group -lc -lm -Wl,--end-group
Finished building target: PAMi.elf
 
arm-none-eabi-size  PAMi.elf 
arm-none-eabi-objdump -h -S PAMi.elf  > "PAMi.list"
   text	   data	    bss	    dec	    hex	filename
  35872	    468	   2644	  38984	   9848	PAMi.elf
Finished building: default.size.stdout
 
Finished building: PAMi.list
 
17:54:21 **** Incremental Build of configuration Debug for project PAMi ****
make -j8 all 
arm-none-eabi-gcc "../Core/Src/main.c" -mcpu=cortex-m4 -std=gnu11 -g3 -DDEBUG -DUSE_HAL_DRIVER -DSTM32G431xx -c -I../Core/Inc -I../Drivers/STM32G4xx_HAL_Driver/Inc -I../Drivers/STM32G4xx_HAL_Driver/Inc/Legacy -I../Drivers/CMSIS/Device/ST/STM32G4xx/Include -I../Drivers/CMSIS/Include -O0 -ffunction-sections -fdata-sections -Wall -fstack-usage -fcyclomatic-complexity -MMD -MP -MF"Core/Src/main.d" -MT"Core/Src/main.o" --specs=nano.specs -mfpu=fpv4-sp-d16 -mfloat-abi=hard -mthumb -o "Core/Src/main.o"
arm-none-eabi-gcc -o "PAMi.elf" @"objects.list"   -mcpu=cortex-m4 -T"C:\Users\lucas\Documents\Cours ENSEA\ARES\Firmware\PAMi\STM32G431CBUX_FLASH.ld" --specs=nosys.specs -Wl,-Map="PAMi.map" -Wl,--gc-sections -static --specs=nano.specs -mfpu=fpv4-sp-d16 -mfloat-abi=hard -mthumb -u _printf_float -Wl,--start-group -lc -lm -Wl,--end-group
Finished building target: PAMi.elf
 
arm-none-eabi-size  PAMi.elf 
arm-none-eabi-objdump -h -S PAMi.elf  > "PAMi.list"
   text	   data	    bss	    dec	    hex	filename
  35872	    468	   2644	  38984	   9848	PAMi.elf
Finished building: default.size.stdout
 
Finished building: PAMi.list
 
18:02:33 **** Incremental Build of configuration Debug for project PAMi ****
make -j8 all 
arm-none-eabi-gcc "../Core/Src/main.c" -mcpu=cortex-m4 -std=gnu11 -g3 -DDEBUG -DUSE_HAL_DRIVER -DSTM32G431xx -c -I../Core/Inc -I../Drivers/STM32G4xx_HAL_Driver/Inc -I../Drivers/STM32G4xx_HAL_Driver/Inc/Legacy -I../Drivers/CMSIS/Device/ST/STM32G4xx/Include -I../Drivers/CMSIS/Include -O0 -ffunction-sections -fdata-sections -Wall -fstack-usage -fcyclomatic-complexity -MMD -MP -MF"Core/Src/main.d" -MT"Core/Src/main.o" --specs=nano.specs -mfpu=fpv4-sp-d16 -mfloat-abi=hard -mthumb -o "Core/Src/main.o"
arm-none-eabi-gcc -o "PAMi.elf" @"objects.list"   -mcpu=cortex-m4 -T"C:\Users\lucas\Documents\GitHub\2526_Projet1AB_SPIP\Firmware\PAMi\STM32G431CBUX_FLASH.ld" --specs=nosys.specs -Wl,-Map="PAMi.map" -Wl,--gc-sections -static --specs=nano.specs -mfpu=fpv4-sp-d16 -mfloat-abi=hard -mthumb -u _printf_float -Wl,--start-group -lc -lm -Wl,--end-group
Finished building target: PAMi.elf
 
arm-none-eabi-size  PAMi.elf 
arm-none-eabi-objdump -h -S PAMi.elf  > "PAMi.list"
   text	   data	    bss	    dec	    hex	filename
  35872	    468	   2644	  38984	   9848	PAMi.elf
Finished building: default.size.stdout
 
Finished building: PAMi.list
 
18:04:04 **** Incremental Build of configuration Debug for project PAMi ****
make -j8 all 
arm-none-eabi-gcc "../Core/Src/main.c" -mcpu=cortex-m4 -std=gnu11 -g3 -DDEBUG -DUSE_HAL_DRIVER -DSTM32G431xx -c -I../Core/Inc -I../Drivers/STM32G4xx_HAL_Driver/Inc -I../Drivers/STM32G4xx_HAL_Driver/Inc/Legacy -I../Drivers/CMSIS/Device/ST/STM32G4xx/Include -I../Drivers/CMSIS/Include -O0 -ffunction-sections -fdata-sections -Wall -fstack-usage -fcyclomatic-complexity -MMD -MP -MF"Core/Src/main.d" -MT"Core/Src/main.o" --specs=nano.specs -mfpu=fpv4-sp-d16 -mfloat-abi=hard -mthumb -o "Core/Src/main.o"
arm-none-eabi-gcc -o "PAMi.elf" @"objects.list"   -mcpu=cortex-m4 -T"C:\Users\lucas\Documents\GitHub\2526_Projet1AB_SPIP\Firmware\PAMi\STM32G431CBUX_FLASH.ld" --specs=nosys.specs -Wl,-Map="PAMi.map" -Wl,--gc-sections -static --specs=nano.specs -mfpu=fpv4-sp-d16 -mfloat-abi=hard -mthumb -u _printf_float -Wl,--start-group -lc -lm -Wl,--end-group
Finished building target: PAMi.elf
 
arm-none-eabi-size  PAMi.elf 
arm-none-eabi-objdump -h -S PAMi.elf  > "PAMi.list"
   text	   data	    bss	    dec	    hex	filename
  35872	    468	   2644	  38984	   9848	PAMi.elf
Finished building: default.size.stdout
 
Finished building: PAMi.list
 
18:04:26 **** Incremental Build of configuration Debug for project PAMi ****
make -j8 all 
arm-none-eabi-size  PAMi.elf 
   text	   data	    bss	    dec	    hex	filename
  35872	    468	   2644	  38984	   9848	PAMi.elf
Finished building: default.size.stdout
 
18:05:16 **** Incremental Build of configuration Debug for project PAMi ****
make -j8 all 
arm-none-eabi-gcc "../Core/Src/main.c" -mcpu=cortex-m4 -std=gnu11 -g3 -DDEBUG -DUSE_HAL_DRIVER -DSTM32G431xx -c -I../Core/Inc -I../Drivers/STM32G4xx_HAL_Driver/Inc -I../Drivers/STM32G4xx_HAL_Driver/Inc/Legacy -I../Drivers/CMSIS/Device/ST/STM32G4xx/Include -I../Drivers/CMSIS/Include -O0 -ffunction-sections -fdata-sections -Wall -fstack-usage -fcyclomatic-complexity -MMD -MP -MF"Core/Src/main.d" -MT"Core/Src/main.o" --specs=nano.specs -mfpu=fpv4-sp-d16 -mfloat-abi=hard -mthumb -o "Core/Src/main.o"
arm-none-eabi-gcc -o "PAMi.elf" @"objects.list"   -mcpu=cortex-m4 -T"C:\Users\lucas\Documents\GitHub\2526_Projet1AB_SPIP\Firmware\PAMi\STM32G431CBUX_FLASH.ld" --specs=nosys.specs -Wl,-Map="PAMi.map" -Wl,--gc-sections -static --specs=nano.specs -mfpu=fpv4-sp-d16 -mfloat-abi=hard -mthumb -u _printf_float -Wl,--start-group -lc -lm -Wl,--end-group
Finished building target: PAMi.elf
 
arm-none-eabi-size  PAMi.elf 
arm-none-eabi-objdump -h -S PAMi.elf  > "PAMi.list"
   text	   data	    bss	    dec	    hex	filename
  35624	    468	   2644	  38736	   9750	PAMi.elf
Finished building: default.size.stdout
 
Finished building: PAMi.list
 
18:05:35 **** Incremental Build of configuration Debug for project PAMi ****
make -j8 all 
arm-none-eabi-size  PAMi.elf 
   text	   data	    bss	    dec	    hex	filename
  35624	    468	   2644	  38736	   9750	PAMi.elf
Finished building: default.size.stdout
 
18:06:27 **** Incremental Build of configuration Debug for project PAMi ****
make -j8 all 
arm-none-eabi-gcc "../Core/Src/main.c" -mcpu=cortex-m4 -std=gnu11 -g3 -DDEBUG -DUSE_HAL_DRIVER -DSTM32G431xx -c -I../Core/Inc -I../Drivers/STM32G4xx_HAL_Driver/Inc -I../Drivers/STM32G4xx_HAL_Driver/Inc/Legacy -I../Drivers/CMSIS/Device/ST/STM32G4xx/Include -I../Drivers/CMSIS/Include -O0 -ffunction-sections -fdata-sections -Wall -fstack-usage -fcyclomatic-complexity -MMD -MP -MF"Core/Src/main.d" -MT"Core/Src/main.o" --specs=nano.specs -mfpu=fpv4-sp-d16 -mfloat-abi=hard -mthumb -o "Core/Src/main.o"
arm-none-eabi-gcc -o "PAMi.elf" @"objects.list"   -mcpu=cortex-m4 -T"C:\Users\lucas\Documents\GitHub\2526_Projet1AB_SPIP\Firmware\PAMi\STM32G431CBUX_FLASH.ld" --specs=nosys.specs -Wl,-Map="PAMi.map" -Wl,--gc-sections -static --specs=nano.specs -mfpu=fpv4-sp-d16 -mfloat-abi=hard -mthumb -u _printf_float -Wl,--start-group -lc -lm -Wl,--end-group
Finished building target: PAMi.elf
 
arm-none-eabi-size  PAMi.elf 
arm-none-eabi-objdump -h -S PAMi.elf  > "PAMi.list"
   text	   data	    bss	    dec	    hex	filename
  35624	    468	   2644	  38736	   9750	PAMi.elf
Finished building: default.size.stdout
 
Finished building: PAMi.list
 
18:07:01 **** Incremental Build of configuration Debug for project PAMi ****
make -j8 all 
arm-none-eabi-gcc "../Core/Src/main.c" -mcpu=cortex-m4 -std=gnu11 -g3 -DDEBUG -DUSE_HAL_DRIVER -DSTM32G431xx -c -I../Core/Inc -I../Drivers/STM32G4xx_HAL_Driver/Inc -I../Drivers/STM32G4xx_HAL_Driver/Inc/Legacy -I../Drivers/CMSIS/Device/ST/STM32G4xx/Include -I../Drivers/CMSIS/Include -O0 -ffunction-sections -fdata-sections -Wall -fstack-usage -fcyclomatic-complexity -MMD -MP -MF"Core/Src/main.d" -MT"Core/Src/main.o" --specs=nano.specs -mfpu=fpv4-sp-d16 -mfloat-abi=hard -mthumb -o "Core/Src/main.o"
arm-none-eabi-gcc -o "PAMi.elf" @"objects.list"   -mcpu=cortex-m4 -T"C:\Users\lucas\Documents\GitHub\2526_Projet1AB_SPIP\Firmware\PAMi\STM32G431CBUX_FLASH.ld" --specs=nosys.specs -Wl,-Map="PAMi.map" -Wl,--gc-sections -static --specs=nano.specs -mfpu=fpv4-sp-d16 -mfloat-abi=hard -mthumb -u _printf_float -Wl,--start-group -lc -lm -Wl,--end-group
Finished building target: PAMi.elf
 
arm-none-eabi-size  PAMi.elf 
arm-none-eabi-objdump -h -S PAMi.elf  > "PAMi.list"
   text	   data	    bss	    dec	    hex	filename
  35624	    468	   2644	  38736	   9750	PAMi.elf
Finished building: default.size.stdout
 
Finished building: PAMi.list
 
18:07:30 **** Incremental Build of configuration Debug for project PAMi ****
make -j8 all 
arm-none-eabi-gcc "../Core/Src/main.c" -mcpu=cortex-m4 -std=gnu11 -g3 -DDEBUG -DUSE_HAL_DRIVER -DSTM32G431xx -c -I../Core/Inc -I../Drivers/STM32G4xx_HAL_Driver/Inc -I../Drivers/STM32G4xx_HAL_Driver/Inc/Legacy -I../Drivers/CMSIS/Device/ST/STM32G4xx/Include -I../Drivers/CMSIS/Include -O0 -ffunction-sections -fdata-sections -Wall -fstack-usage -fcyclomatic-complexity -MMD -MP -MF"Core/Src/main.d" -MT"Core/Src/main.o" --specs=nano.specs -mfpu=fpv4-sp-d16 -mfloat-abi=hard -mthumb -o "Core/Src/main.o"
arm-none-eabi-gcc -o "PAMi.elf" @"objects.list"   -mcpu=cortex-m4 -T"C:\Users\lucas\Documents\GitHub\2526_Projet1AB_SPIP\Firmware\PAMi\STM32G431CBUX_FLASH.ld" --specs=nosys.specs -Wl,-Map="PAMi.map" -Wl,--gc-sections -static --specs=nano.specs -mfpu=fpv4-sp-d16 -mfloat-abi=hard -mthumb -u _printf_float -Wl,--start-group -lc -lm -Wl,--end-group
Finished building target: PAMi.elf
 
arm-none-eabi-size  PAMi.elf 
arm-none-eabi-objdump -h -S PAMi.elf  > "PAMi.list"
   text	   data	    bss	    dec	    hex	filename
  35624	    468	   2644	  38736	   9750	PAMi.elf
Finished building: default.size.stdout
 
Finished building: PAMi.list
 
18:08:06 **** Incremental Build of configuration Debug for project PAMi ****
make -j8 all 
arm-none-eabi-gcc "../Core/Src/main.c" -mcpu=cortex-m4 -std=gnu11 -g3 -DDEBUG -DUSE_HAL_DRIVER -DSTM32G431xx -c -I../Core/Inc -I../Drivers/STM32G4xx_HAL_Driver/Inc -I../Drivers/STM32G4xx_HAL_Driver/Inc/Legacy -I../Drivers/CMSIS/Device/ST/STM32G4xx/Include -I../Drivers/CMSIS/Include -O0 -ffunction-sections -fdata-sections -Wall -fstack-usage -fcyclomatic-complexity -MMD -MP -MF"Core/Src/main.d" -MT"Core/Src/main.o" --specs=nano.specs -mfpu=fpv4-sp-d16 -mfloat-abi=hard -mthumb -o "Core/Src/main.o"
arm-none-eabi-gcc -o "PAMi.elf" @"objects.list"   -mcpu=cortex-m4 -T"C:\Users\lucas\Documents\GitHub\2526_Projet1AB_SPIP\Firmware\PAMi\STM32G431CBUX_FLASH.ld" --specs=nosys.specs -Wl,-Map="PAMi.map" -Wl,--gc-sections -static --specs=nano.specs -mfpu=fpv4-sp-d16 -mfloat-abi=hard -mthumb -u _printf_float -Wl,--start-group -lc -lm -Wl,--end-group
Finished building target: PAMi.elf
 
arm-none-eabi-size  PAMi.elf 
arm-none-eabi-objdump -h -S PAMi.elf  > "PAMi.list"
   text	   data	    bss	    dec	    hex	filename
  35624	    468	   2644	  38736	   9750	PAMi.elf
Finished building: default.size.stdout
 
Finished building: PAMi.list
 
18:08:32 **** Incremental Build of configuration Debug for project PAMi ****
make -j8 all 
arm-none-eabi-gcc "../Core/Src/main.c" -mcpu=cortex-m4 -std=gnu11 -g3 -DDEBUG -DUSE_HAL_DRIVER -DSTM32G431xx -c -I../Core/Inc -I../Drivers/STM32G4xx_HAL_Driver/Inc -I../Drivers/STM32G4xx_HAL_Driver/Inc/Legacy -I../Drivers/CMSIS/Device/ST/STM32G4xx/Include -I../Drivers/CMSIS/Include -O0 -ffunction-sections -fdata-sections -Wall -fstack-usage -fcyclomatic-complexity -MMD -MP -MF"Core/Src/main.d" -MT"Core/Src/main.o" --specs=nano.specs -mfpu=fpv4-sp-d16 -mfloat-abi=hard -mthumb -o "Core/Src/main.o"
arm-none-eabi-gcc -o "PAMi.elf" @"objects.list"   -mcpu=cortex-m4 -T"C:\Users\lucas\Documents\GitHub\2526_Projet1AB_SPIP\Firmware\PAMi\STM32G431CBUX_FLASH.ld" --specs=nosys.specs -Wl,-Map="PAMi.map" -Wl,--gc-sections -static --specs=nano.specs -mfpu=fpv4-sp-d16 -mfloat-abi=hard -mthumb -u _printf_float -Wl,--start-group -lc -lm -Wl,--end-group
Finished building target: PAMi.elf
 
arm-none-eabi-size  PAMi.elf 
arm-none-eabi-objdump -h -S PAMi.elf  > "PAMi.list"
   text	   data	    bss	    dec	    hex	filename
  35624	    468	   2644	  38736	   9750	PAMi.elf
Finished building: default.size.stdout
 
Finished building: PAMi.list
 
18:09:16 **** Incremental Build of configuration Debug for project PAMi ****
make -j8 all 
arm-none-eabi-gcc "../Core/Src/main.c" -mcpu=cortex-m4 -std=gnu11 -g3 -DDEBUG -DUSE_HAL_DRIVER -DSTM32G431xx -c -I../Core/Inc -I../Drivers/STM32G4xx_HAL_Driver/Inc -I../Drivers/STM32G4xx_HAL_Driver/Inc/Legacy -I../Drivers/CMSIS/Device/ST/STM32G4xx/Include -I../Drivers/CMSIS/Include -O0 -ffunction-sections -fdata-sections -Wall -fstack-usage -fcyclomatic-complexity -MMD -MP -MF"Core/Src/main.d" -MT"Core/Src/main.o" --specs=nano.specs -mfpu=fpv4-sp-d16 -mfloat-abi=hard -mthumb -o "Core/Src/main.o"
arm-none-eabi-gcc -o "PAMi.elf" @"objects.list"   -mcpu=cortex-m4 -T"C:\Users\lucas\Documents\GitHub\2526_Projet1AB_SPIP\Firmware\PAMi\STM32G431CBUX_FLASH.ld" --specs=nosys.specs -Wl,-Map="PAMi.map" -Wl,--gc-sections -static --specs=nano.specs -mfpu=fpv4-sp-d16 -mfloat-abi=hard -mthumb -u _printf_float -Wl,--start-group -lc -lm -Wl,--end-group
Finished building target: PAMi.elf
 
arm-none-eabi-size  PAMi.elf 
arm-none-eabi-objdump -h -S PAMi.elf  > "PAMi.list"
   text	   data	    bss	    dec	    hex	filename
  35624	    468	   2644	  38736	   9750	PAMi.elf
Finished building: default.size.stdout
 
Finished building: PAMi.list
 
18:10:57 **** Incremental Build of configuration Debug for project PAMi ****
make -j8 all 
arm-none-eabi-gcc "../Core/Src/mouvement.c" -mcpu=cortex-m4 -std=gnu11 -g3 -DDEBUG -DUSE_HAL_DRIVER -DSTM32G431xx -c -I../Core/Inc -I../Drivers/STM32G4xx_HAL_Driver/Inc -I../Drivers/STM32G4xx_HAL_Driver/Inc/Legacy -I../Drivers/CMSIS/Device/ST/STM32G4xx/Include -I../Drivers/CMSIS/Include -O0 -ffunction-sections -fdata-sections -Wall -fstack-usage -fcyclomatic-complexity -MMD -MP -MF"Core/Src/mouvement.d" -MT"Core/Src/mouvement.o" --specs=nano.specs -mfpu=fpv4-sp-d16 -mfloat-abi=hard -mthumb -o "Core/Src/mouvement.o"
arm-none-eabi-gcc -o "PAMi.elf" @"objects.list"   -mcpu=cortex-m4 -T"C:\Users\lucas\Documents\GitHub\2526_Projet1AB_SPIP\Firmware\PAMi\STM32G431CBUX_FLASH.ld" --specs=nosys.specs -Wl,-Map="PAMi.map" -Wl,--gc-sections -static --specs=nano.specs -mfpu=fpv4-sp-d16 -mfloat-abi=hard -mthumb -u _printf_float -Wl,--start-group -lc -lm -Wl,--end-group
Finished building target: PAMi.elf
 
arm-none-eabi-size  PAMi.elf 
arm-none-eabi-objdump -h -S PAMi.elf  > "PAMi.list"
   text	   data	    bss	    dec	    hex	filename
  35600	    468	   2644	  38712	   9738	PAMi.elf
Finished building: default.size.stdout
 
Finished building: PAMi.list
 
18:11:56 **** Incremental Build of configuration Debug for project PAMi ****
make -j8 all 
arm-none-eabi-gcc "../Core/Src/main.c" -mcpu=cortex-m4 -std=gnu11 -g3 -DDEBUG -DUSE_HAL_DRIVER -DSTM32G431xx -c -I../Core/Inc -I../Drivers/STM32G4xx_HAL_Driver/Inc -I../Drivers/STM32G4xx_HAL_Driver/Inc/Legacy -I../Drivers/CMSIS/Device/ST/STM32G4xx/Include -I../Drivers/CMSIS/Include -O0 -ffunction-sections -fdata-sections -Wall -fstack-usage -fcyclomatic-complexity -MMD -MP -MF"Core/Src/main.d" -MT"Core/Src/main.o" --specs=nano.specs -mfpu=fpv4-sp-d16 -mfloat-abi=hard -mthumb -o "Core/Src/main.o"
arm-none-eabi-gcc -o "PAMi.elf" @"objects.list"   -mcpu=cortex-m4 -T"C:\Users\lucas\Documents\GitHub\2526_Projet1AB_SPIP\Firmware\PAMi\STM32G431CBUX_FLASH.ld" --specs=nosys.specs -Wl,-Map="PAMi.map" -Wl,--gc-sections -static --specs=nano.specs -mfpu=fpv4-sp-d16 -mfloat-abi=hard -mthumb -u _printf_float -Wl,--start-group -lc -lm -Wl,--end-group
Finished building target: PAMi.elf
 
arm-none-eabi-size  PAMi.elf 
arm-none-eabi-objdump -h -S PAMi.elf  > "PAMi.list"
   text	   data	    bss	    dec	    hex	filename
  35848	    468	   2644	  38960	   9830	PAMi.elf
Finished building: default.size.stdout
 
Finished building: PAMi.list
 
18:12:33 **** Incremental Build of configuration Debug for project PAMi ****
make -j8 all 
arm-none-eabi-gcc "../Core/Src/main.c" -mcpu=cortex-m4 -std=gnu11 -g3 -DDEBUG -DUSE_HAL_DRIVER -DSTM32G431xx -c -I../Core/Inc -I../Drivers/STM32G4xx_HAL_Driver/Inc -I../Drivers/STM32G4xx_HAL_Driver/Inc/Legacy -I../Drivers/CMSIS/Device/ST/STM32G4xx/Include -I../Drivers/CMSIS/Include -O0 -ffunction-sections -fdata-sections -Wall -fstack-usage -fcyclomatic-complexity -MMD -MP -MF"Core/Src/main.d" -MT"Core/Src/main.o" --specs=nano.specs -mfpu=fpv4-sp-d16 -mfloat-abi=hard -mthumb -o "Core/Src/main.o"
arm-none-eabi-gcc -o "PAMi.elf" @"objects.list"   -mcpu=cortex-m4 -T"C:\Users\lucas\Documents\GitHub\2526_Projet1AB_SPIP\Firmware\PAMi\STM32G431CBUX_FLASH.ld" --specs=nosys.specs -Wl,-Map="PAMi.map" -Wl,--gc-sections -static --specs=nano.specs -mfpu=fpv4-sp-d16 -mfloat-abi=hard -mthumb -u _printf_float -Wl,--start-group -lc -lm -Wl,--end-group
Finished building target: PAMi.elf
 
arm-none-eabi-size  PAMi.elf 
arm-none-eabi-objdump -h -S PAMi.elf  > "PAMi.list"
   text	   data	    bss	    dec	    hex	filename
  35848	    468	   2644	  38960	   9830	PAMi.elf
Finished building: default.size.stdout
 
Finished building: PAMi.list
 
18:14:15 **** Incremental Build of configuration Debug for project PAMi ****
make -j8 all 
arm-none-eabi-gcc "../Core/Src/main.c" -mcpu=cortex-m4 -std=gnu11 -g3 -DDEBUG -DUSE_HAL_DRIVER -DSTM32G431xx -c -I../Core/Inc -I../Drivers/STM32G4xx_HAL_Driver/Inc -I../Drivers/STM32G4xx_HAL_Driver/Inc/Legacy -I../Drivers/CMSIS/Device/ST/STM32G4xx/Include -I../Drivers/CMSIS/Include -O0 -ffunction-sections -fdata-sections -Wall -fstack-usage -fcyclomatic-complexity -MMD -MP -MF"Core/Src/main.d" -MT"Core/Src/main.o" --specs=nano.specs -mfpu=fpv4-sp-d16 -mfloat-abi=hard -mthumb -o "Core/Src/main.o"
arm-none-eabi-gcc -o "PAMi.elf" @"objects.list"   -mcpu=cortex-m4 -T"C:\Users\lucas\Documents\GitHub\2526_Projet1AB_SPIP\Firmware\PAMi\STM32G431CBUX_FLASH.ld" --specs=nosys.specs -Wl,-Map="PAMi.map" -Wl,--gc-sections -static --specs=nano.specs -mfpu=fpv4-sp-d16 -mfloat-abi=hard -mthumb -u _printf_float -Wl,--start-group -lc -lm -Wl,--end-group
Finished building target: PAMi.elf
 
arm-none-eabi-size  PAMi.elf 
arm-none-eabi-objdump -h -S PAMi.elf  > "PAMi.list"
   text	   data	    bss	    dec	    hex	filename
  35848	    468	   2644	  38960	   9830	PAMi.elf
Finished building: default.size.stdout
 
Finished building: PAMi.list
 
18:14:44 **** Incremental Build of configuration Debug for project PAMi ****
make -j8 all 
arm-none-eabi-gcc "../Core/Src/main.c" -mcpu=cortex-m4 -std=gnu11 -g3 -DDEBUG -DUSE_HAL_DRIVER -DSTM32G431xx -c -I../Core/Inc -I../Drivers/STM32G4xx_HAL_Driver/Inc -I../Drivers/STM32G4xx_HAL_Driver/Inc/Legacy -I../Drivers/CMSIS/Device/ST/STM32G4xx/Include -I../Drivers/CMSIS/Include -O0 -ffunction-sections -fdata-sections -Wall -fstack-usage -fcyclomatic-complexity -MMD -MP -MF"Core/Src/main.d" -MT"Core/Src/main.o" --specs=nano.specs -mfpu=fpv4-sp-d16 -mfloat-abi=hard -mthumb -o "Core/Src/main.o"
arm-none-eabi-gcc -o "PAMi.elf" @"objects.list"   -mcpu=cortex-m4 -T"C:\Users\lucas\Documents\GitHub\2526_Projet1AB_SPIP\Firmware\PAMi\STM32G431CBUX_FLASH.ld" --specs=nosys.specs -Wl,-Map="PAMi.map" -Wl,--gc-sections -static --specs=nano.specs -mfpu=fpv4-sp-d16 -mfloat-abi=hard -mthumb -u _printf_float -Wl,--start-group -lc -lm -Wl,--end-group
Finished building target: PAMi.elf
 
arm-none-eabi-size  PAMi.elf 
arm-none-eabi-objdump -h -S PAMi.elf  > "PAMi.list"
   text	   data	    bss	    dec	    hex	filename
  35848	    468	   2644	  38960	   9830	PAMi.elf
Finished building: default.size.stdout
 
Finished building: PAMi.list
 
18:15:15 **** Incremental Build of configuration Debug for project PAMi ****
make -j8 all 
arm-none-eabi-gcc "../Core/Src/main.c" -mcpu=cortex-m4 -std=gnu11 -g3 -DDEBUG -DUSE_HAL_DRIVER -DSTM32G431xx -c -I../Core/Inc -I../Drivers/STM32G4xx_HAL_Driver/Inc -I../Drivers/STM32G4xx_HAL_Driver/Inc/Legacy -I../Drivers/CMSIS/Device/ST/STM32G4xx/Include -I../Drivers/CMSIS/Include -O0 -ffunction-sections -fdata-sections -Wall -fstack-usage -fcyclomatic-complexity -MMD -MP -MF"Core/Src/main.d" -MT"Core/Src/main.o" --specs=nano.specs -mfpu=fpv4-sp-d16 -mfloat-abi=hard -mthumb -o "Core/Src/main.o"
arm-none-eabi-gcc -o "PAMi.elf" @"objects.list"   -mcpu=cortex-m4 -T"C:\Users\lucas\Documents\GitHub\2526_Projet1AB_SPIP\Firmware\PAMi\STM32G431CBUX_FLASH.ld" --specs=nosys.specs -Wl,-Map="PAMi.map" -Wl,--gc-sections -static --specs=nano.specs -mfpu=fpv4-sp-d16 -mfloat-abi=hard -mthumb -u _printf_float -Wl,--start-group -lc -lm -Wl,--end-group
Finished building target: PAMi.elf
 
arm-none-eabi-size  PAMi.elf 
arm-none-eabi-objdump -h -S PAMi.elf  > "PAMi.list"
   text	   data	    bss	    dec	    hex	filename
  35848	    468	   2644	  38960	   9830	PAMi.elf
Finished building: default.size.stdout
 
Finished building: PAMi.list
 
18:16:38 **** Incremental Build of configuration Debug for project PAMi ****
make -j8 all 
arm-none-eabi-gcc "../Core/Src/asservissement.c" -mcpu=cortex-m4 -std=gnu11 -g3 -DDEBUG -DUSE_HAL_DRIVER -DSTM32G431xx -c -I../Core/Inc -I../Drivers/STM32G4xx_HAL_Driver/Inc -I../Drivers/STM32G4xx_HAL_Driver/Inc/Legacy -I../Drivers/CMSIS/Device/ST/STM32G4xx/Include -I../Drivers/CMSIS/Include -O0 -ffunction-sections -fdata-sections -Wall -fstack-usage -fcyclomatic-complexity -MMD -MP -MF"Core/Src/asservissement.d" -MT"Core/Src/asservissement.o" --specs=nano.specs -mfpu=fpv4-sp-d16 -mfloat-abi=hard -mthumb -o "Core/Src/asservissement.o"
arm-none-eabi-gcc "../Core/Src/main.c" -mcpu=cortex-m4 -std=gnu11 -g3 -DDEBUG -DUSE_HAL_DRIVER -DSTM32G431xx -c -I../Core/Inc -I../Drivers/STM32G4xx_HAL_Driver/Inc -I../Drivers/STM32G4xx_HAL_Driver/Inc/Legacy -I../Drivers/CMSIS/Device/ST/STM32G4xx/Include -I../Drivers/CMSIS/Include -O0 -ffunction-sections -fdata-sections -Wall -fstack-usage -fcyclomatic-complexity -MMD -MP -MF"Core/Src/main.d" -MT"Core/Src/main.o" --specs=nano.specs -mfpu=fpv4-sp-d16 -mfloat-abi=hard -mthumb -o "Core/Src/main.o"
arm-none-eabi-gcc "../Core/Src/mouvement.c" -mcpu=cortex-m4 -std=gnu11 -g3 -DDEBUG -DUSE_HAL_DRIVER -DSTM32G431xx -c -I../Core/Inc -I../Drivers/STM32G4xx_HAL_Driver/Inc -I../Drivers/STM32G4xx_HAL_Driver/Inc/Legacy -I../Drivers/CMSIS/Device/ST/STM32G4xx/Include -I../Drivers/CMSIS/Include -O0 -ffunction-sections -fdata-sections -Wall -fstack-usage -fcyclomatic-complexity -MMD -MP -MF"Core/Src/mouvement.d" -MT"Core/Src/mouvement.o" --specs=nano.specs -mfpu=fpv4-sp-d16 -mfloat-abi=hard -mthumb -o "Core/Src/mouvement.o"
arm-none-eabi-gcc "../Core/Src/stm32g4xx_it.c" -mcpu=cortex-m4 -std=gnu11 -g3 -DDEBUG -DUSE_HAL_DRIVER -DSTM32G431xx -c -I../Core/Inc -I../Drivers/STM32G4xx_HAL_Driver/Inc -I../Drivers/STM32G4xx_HAL_Driver/Inc/Legacy -I../Drivers/CMSIS/Device/ST/STM32G4xx/Include -I../Drivers/CMSIS/Include -O0 -ffunction-sections -fdata-sections -Wall -fstack-usage -fcyclomatic-complexity -MMD -MP -MF"Core/Src/stm32g4xx_it.d" -MT"Core/Src/stm32g4xx_it.o" --specs=nano.specs -mfpu=fpv4-sp-d16 -mfloat-abi=hard -mthumb -o "Core/Src/stm32g4xx_it.o"
../Core/Src/stm32g4xx_it.c: In function 'HAL_TIM_PeriodElapsedCallback':
../Core/Src/stm32g4xx_it.c:231:17: warning: implicit declaration of function 'printf' [-Wimplicit-function-declaration]
  231 |                 printf("Mouvement Reset:\r\n");
      |                 ^~~~~~
../Core/Src/stm32g4xx_it.c:26:1: note: include '<stdio.h>' or provide a declaration of 'printf'
   25 | #include "mouvement.h"
  +++ |+#include <stdio.h>
   26 | /* USER CODE END Includes */
../Core/Src/stm32g4xx_it.c:231:17: warning: incompatible implicit declaration of built-in function 'printf' [-Wbuiltin-declaration-mismatch]
  231 |                 printf("Mouvement Reset:\r\n");
      |                 ^~~~~~
../Core/Src/stm32g4xx_it.c:231:17: note: include '<stdio.h>' or provide a declaration of 'printf'
arm-none-eabi-gcc -o "PAMi.elf" @"objects.list"   -mcpu=cortex-m4 -T"C:\Users\lucas\Documents\GitHub\2526_Projet1AB_SPIP\Firmware\PAMi\STM32G431CBUX_FLASH.ld" --specs=nosys.specs -Wl,-Map="PAMi.map" -Wl,--gc-sections -static --specs=nano.specs -mfpu=fpv4-sp-d16 -mfloat-abi=hard -mthumb -u _printf_float -Wl,--start-group -lc -lm -Wl,--end-group
Finished building target: PAMi.elf
 
arm-none-eabi-size  PAMi.elf 
arm-none-eabi-objdump -h -S PAMi.elf  > "PAMi.list"
   text	   data	    bss	    dec	    hex	filename
  35848	    468	   2644	  38960	   9830	PAMi.elf
Finished building: default.size.stdout
 
Finished building: PAMi.list
 
18:17:27 **** Incremental Build of configuration Debug for project PAMi ****
make -j8 all 
arm-none-eabi-gcc "../Core/Src/main.c" -mcpu=cortex-m4 -std=gnu11 -g3 -DDEBUG -DUSE_HAL_DRIVER -DSTM32G431xx -c -I../Core/Inc -I../Drivers/STM32G4xx_HAL_Driver/Inc -I../Drivers/STM32G4xx_HAL_Driver/Inc/Legacy -I../Drivers/CMSIS/Device/ST/STM32G4xx/Include -I../Drivers/CMSIS/Include -O0 -ffunction-sections -fdata-sections -Wall -fstack-usage -fcyclomatic-complexity -MMD -MP -MF"Core/Src/main.d" -MT"Core/Src/main.o" --specs=nano.specs -mfpu=fpv4-sp-d16 -mfloat-abi=hard -mthumb -o "Core/Src/main.o"
arm-none-eabi-gcc -o "PAMi.elf" @"objects.list"   -mcpu=cortex-m4 -T"C:\Users\lucas\Documents\GitHub\2526_Projet1AB_SPIP\Firmware\PAMi\STM32G431CBUX_FLASH.ld" --specs=nosys.specs -Wl,-Map="PAMi.map" -Wl,--gc-sections -static --specs=nano.specs -mfpu=fpv4-sp-d16 -mfloat-abi=hard -mthumb -u _printf_float -Wl,--start-group -lc -lm -Wl,--end-group
Finished building target: PAMi.elf
 
arm-none-eabi-size  PAMi.elf 
arm-none-eabi-objdump -h -S PAMi.elf  > "PAMi.list"
   text	   data	    bss	    dec	    hex	filename
  35848	    468	   2644	  38960	   9830	PAMi.elf
Finished building: default.size.stdout
 
Finished building: PAMi.list
 
18:17:58 **** Incremental Build of configuration Debug for project PAMi ****
make -j8 all 
arm-none-eabi-gcc "../Core/Src/main.c" -mcpu=cortex-m4 -std=gnu11 -g3 -DDEBUG -DUSE_HAL_DRIVER -DSTM32G431xx -c -I../Core/Inc -I../Drivers/STM32G4xx_HAL_Driver/Inc -I../Drivers/STM32G4xx_HAL_Driver/Inc/Legacy -I../Drivers/CMSIS/Device/ST/STM32G4xx/Include -I../Drivers/CMSIS/Include -O0 -ffunction-sections -fdata-sections -Wall -fstack-usage -fcyclomatic-complexity -MMD -MP -MF"Core/Src/main.d" -MT"Core/Src/main.o" --specs=nano.specs -mfpu=fpv4-sp-d16 -mfloat-abi=hard -mthumb -o "Core/Src/main.o"
arm-none-eabi-gcc -o "PAMi.elf" @"objects.list"   -mcpu=cortex-m4 -T"C:\Users\lucas\Documents\GitHub\2526_Projet1AB_SPIP\Firmware\PAMi\STM32G431CBUX_FLASH.ld" --specs=nosys.specs -Wl,-Map="PAMi.map" -Wl,--gc-sections -static --specs=nano.specs -mfpu=fpv4-sp-d16 -mfloat-abi=hard -mthumb -u _printf_float -Wl,--start-group -lc -lm -Wl,--end-group
Finished building target: PAMi.elf
 
arm-none-eabi-size  PAMi.elf 
arm-none-eabi-objdump -h -S PAMi.elf  > "PAMi.list"
   text	   data	    bss	    dec	    hex	filename
  35848	    468	   2644	  38960	   9830	PAMi.elf
Finished building: default.size.stdout
 
Finished building: PAMi.list
 
18:18:32 **** Incremental Build of configuration Debug for project PAMi ****
make -j8 all 
[...]
Finished building target: PAMi.elf
 
arm-none-eabi-size  PAMi.elf 
arm-none-eabi-objdump -h -S PAMi.elf  > "PAMi.list"
   text	   data	    bss	    dec	    hex	filename
  36288	    468	   2652	  39408	   99f0	PAMi.elf
Finished building: default.size.stdout
 
Finished building: PAMi.list
 
17:46:56 **** Incremental Build of configuration Debug for project PAMi ****
make -j8 all 
arm-none-eabi-size  PAMi.elf 
   text	   data	    bss	    dec	    hex	filename
  36288	    468	   2652	  39408	   99f0	PAMi.elf
Finished building: default.size.stdout
 
17:49:21 **** Incremental Build of configuration Debug for project PAMi ****
make -j8 all 
arm-none-eabi-gcc "../Core/Src/main.c" -mcpu=cortex-m4 -std=gnu11 -g3 -DDEBUG -DUSE_HAL_DRIVER -DSTM32G431xx -c -I../Core/Inc -I../Drivers/STM32G4xx_HAL_Driver/Inc -I../Drivers/STM32G4xx_HAL_Driver/Inc/Legacy -I../Drivers/CMSIS/Device/ST/STM32G4xx/Include -I../Drivers/CMSIS/Include -O0 -ffunction-sections -fdata-sections -Wall -fstack-usage -fcyclomatic-complexity -MMD -MP -MF"Core/Src/main.d" -MT"Core/Src/main.o" --specs=nano.specs -mfpu=fpv4-sp-d16 -mfloat-abi=hard -mthumb -o "Core/Src/main.o"
arm-none-eabi-gcc -o "PAMi.elf" @"objects.list"   -mcpu=cortex-m4 -T"C:\Users\lucas\Documents\GitHub\2526_Projet1AB_SPIP\Firmware\PAMi\STM32G431CBUX_FLASH.ld" --specs=nosys.specs -Wl,-Map="PAMi.map" -Wl,--gc-sections -static --specs=nano.specs -mfpu=fpv4-sp-d16 -mfloat-abi=hard -mthumb -u _printf_float -Wl,--start-group -lc -lm -Wl,--end-group
Finished building target: PAMi.elf
 
arm-none-eabi-size  PAMi.elf 
arm-none-eabi-objdump -h -S PAMi.elf  > "PAMi.list"
   text	   data	    bss	    dec	    hex	filename
  36280	    468	   2652	  39400	   99e8	PAMi.elf
Finished building: default.size.stdout
 
Finished building: PAMi.list
 
17:49:58 **** Incremental Build of configuration Debug for project PAMi ****
make -j8 all 
arm-none-eabi-size  PAMi.elf 
   text	   data	    bss	    dec	    hex	filename
  36280	    468	   2652	  39400	   99e8	PAMi.elf
Finished building: default.size.stdout
 
17:52:24 **** Incremental Build of configuration Debug for project PAMi ****
make -j8 all 
arm-none-eabi-gcc "../Core/Src/main.c" -mcpu=cortex-m4 -std=gnu11 -g3 -DDEBUG -DUSE_HAL_DRIVER -DSTM32G431xx -c -I../Core/Inc -I../Drivers/STM32G4xx_HAL_Driver/Inc -I../Drivers/STM32G4xx_HAL_Driver/Inc/Legacy -I../Drivers/CMSIS/Device/ST/STM32G4xx/Include -I../Drivers/CMSIS/Include -O0 -ffunction-sections -fdata-sections -Wall -fstack-usage -fcyclomatic-complexity -MMD -MP -MF"Core/Src/main.d" -MT"Core/Src/main.o" --specs=nano.specs -mfpu=fpv4-sp-d16 -mfloat-abi=hard -mthumb -o "Core/Src/main.o"
arm-none-eabi-gcc -o "PAMi.elf" @"objects.list"   -mcpu=cortex-m4 -T"C:\Users\lucas\Documents\GitHub\2526_Projet1AB_SPIP\Firmware\PAMi\STM32G431CBUX_FLASH.ld" --specs=nosys.specs -Wl,-Map="PAMi.map" -Wl,--gc-sections -static --specs=nano.specs -mfpu=fpv4-sp-d16 -mfloat-abi=hard -mthumb -u _printf_float -Wl,--start-group -lc -lm -Wl,--end-group
Finished building target: PAMi.elf
 
arm-none-eabi-size  PAMi.elf 
arm-none-eabi-objdump -h -S PAMi.elf  > "PAMi.list"
   text	   data	    bss	    dec	    hex	filename
  36288	    468	   2652	  39408	   99f0	PAMi.elf
Finished building: default.size.stdout
 
Finished building: PAMi.list
 
17:52:39 **** Incremental Build of configuration Debug for project PAMi ****
make -j8 all 
arm-none-eabi-size  PAMi.elf 
   text	   data	    bss	    dec	    hex	filename
  36288	    468	   2652	  39408	   99f0	PAMi.elf
Finished building: default.size.stdout
 
17:52:57 **** Incremental Build of configuration Debug for project PAMi ****
make -j8 all 
arm-none-eabi-size  PAMi.elf 
   text	   data	    bss	    dec	    hex	filename
  36288	    468	   2652	  39408	   99f0	PAMi.elf
Finished building: default.size.stdout
 
17:53:35 **** Incremental Build of configuration Debug for project PAMi ****
make -j8 all 
arm-none-eabi-gcc "../Core/Src/main.c" -mcpu=cortex-m4 -std=gnu11 -g3 -DDEBUG -DUSE_HAL_DRIVER -DSTM32G431xx -c -I../Core/Inc -I../Drivers/STM32G4xx_HAL_Driver/Inc -I../Drivers/STM32G4xx_HAL_Driver/Inc/Legacy -I../Drivers/CMSIS/Device/ST/STM32G4xx/Include -I../Drivers/CMSIS/Include -O0 -ffunction-sections -fdata-sections -Wall -fstack-usage -fcyclomatic-complexity -MMD -MP -MF"Core/Src/main.d" -MT"Core/Src/main.o" --specs=nano.specs -mfpu=fpv4-sp-d16 -mfloat-abi=hard -mthumb -o "Core/Src/main.o"
arm-none-eabi-gcc -o "PAMi.elf" @"objects.list"   -mcpu=cortex-m4 -T"C:\Users\lucas\Documents\GitHub\2526_Projet1AB_SPIP\Firmware\PAMi\STM32G431CBUX_FLASH.ld" --specs=nosys.specs -Wl,-Map="PAMi.map" -Wl,--gc-sections -static --specs=nano.specs -mfpu=fpv4-sp-d16 -mfloat-abi=hard -mthumb -u _printf_float -Wl,--start-group -lc -lm -Wl,--end-group
Finished building target: PAMi.elf
 
arm-none-eabi-size  PAMi.elf 
arm-none-eabi-objdump -h -S PAMi.elf  > "PAMi.list"
   text	   data	    bss	    dec	    hex	filename
  36288	    468	   2652	  39408	   99f0	PAMi.elf
Finished building: default.size.stdout
 
Finished building: PAMi.list
 
17:54:10 **** Incremental Build of configuration Debug for project PAMi ****
make -j8 all 
arm-none-eabi-gcc "../Core/Src/main.c" -mcpu=cortex-m4 -std=gnu11 -g3 -DDEBUG -DUSE_HAL_DRIVER -DSTM32G431xx -c -I../Core/Inc -I../Drivers/STM32G4xx_HAL_Driver/Inc -I../Drivers/STM32G4xx_HAL_Driver/Inc/Legacy -I../Drivers/CMSIS/Device/ST/STM32G4xx/Include -I../Drivers/CMSIS/Include -O0 -ffunction-sections -fdata-sections -Wall -fstack-usage -fcyclomatic-complexity -MMD -MP -MF"Core/Src/main.d" -MT"Core/Src/main.o" --specs=nano.specs -mfpu=fpv4-sp-d16 -mfloat-abi=hard -mthumb -o "Core/Src/main.o"
arm-none-eabi-gcc -o "PAMi.elf" @"objects.list"   -mcpu=cortex-m4 -T"C:\Users\lucas\Documents\GitHub\2526_Projet1AB_SPIP\Firmware\PAMi\STM32G431CBUX_FLASH.ld" --specs=nosys.specs -Wl,-Map="PAMi.map" -Wl,--gc-sections -static --specs=nano.specs -mfpu=fpv4-sp-d16 -mfloat-abi=hard -mthumb -u _printf_float -Wl,--start-group -lc -lm -Wl,--end-group
Finished building target: PAMi.elf
 
arm-none-eabi-size  PAMi.elf 
arm-none-eabi-objdump -h -S PAMi.elf  > "PAMi.list"
   text	   data	    bss	    dec	    hex	filename
  36288	    468	   2652	  39408	   99f0	PAMi.elf
Finished building: default.size.stdout
 
Finished building: PAMi.list
 
17:54:46 **** Incremental Build of configuration Debug for project PAMi ****
make -j8 all 
arm-none-eabi-gcc "../Core/Src/main.c" -mcpu=cortex-m4 -std=gnu11 -g3 -DDEBUG -DUSE_HAL_DRIVER -DSTM32G431xx -c -I../Core/Inc -I../Drivers/STM32G4xx_HAL_Driver/Inc -I../Drivers/STM32G4xx_HAL_Driver/Inc/Legacy -I../Drivers/CMSIS/Device/ST/STM32G4xx/Include -I../Drivers/CMSIS/Include -O0 -ffunction-sections -fdata-sections -Wall -fstack-usage -fcyclomatic-complexity -MMD -MP -MF"Core/Src/main.d" -MT"Core/Src/main.o" --specs=nano.specs -mfpu=fpv4-sp-d16 -mfloat-abi=hard -mthumb -o "Core/Src/main.o"
arm-none-eabi-gcc -o "PAMi.elf" @"objects.list"   -mcpu=cortex-m4 -T"C:\Users\lucas\Documents\GitHub\2526_Projet1AB_SPIP\Firmware\PAMi\STM32G431CBUX_FLASH.ld" --specs=nosys.specs -Wl,-Map="PAMi.map" -Wl,--gc-sections -static --specs=nano.specs -mfpu=fpv4-sp-d16 -mfloat-abi=hard -mthumb -u _printf_float -Wl,--start-group -lc -lm -Wl,--end-group
Finished building target: PAMi.elf
 
arm-none-eabi-size  PAMi.elf 
arm-none-eabi-objdump -h -S PAMi.elf  > "PAMi.list"
   text	   data	    bss	    dec	    hex	filename
  36288	    468	   2652	  39408	   99f0	PAMi.elf
Finished building: default.size.stdout
 
Finished building: PAMi.list
 
17:56:15 **** Incremental Build of configuration Debug for project PAMi ****
make -j8 all 
arm-none-eabi-gcc "../Core/Src/main.c" -mcpu=cortex-m4 -std=gnu11 -g3 -DDEBUG -DUSE_HAL_DRIVER -DSTM32G431xx -c -I../Core/Inc -I../Drivers/STM32G4xx_HAL_Driver/Inc -I../Drivers/STM32G4xx_HAL_Driver/Inc/Legacy -I../Drivers/CMSIS/Device/ST/STM32G4xx/Include -I../Drivers/CMSIS/Include -O0 -ffunction-sections -fdata-sections -Wall -fstack-usage -fcyclomatic-complexity -MMD -MP -MF"Core/Src/main.d" -MT"Core/Src/main.o" --specs=nano.specs -mfpu=fpv4-sp-d16 -mfloat-abi=hard -mthumb -o "Core/Src/main.o"
arm-none-eabi-gcc -o "PAMi.elf" @"objects.list"   -mcpu=cortex-m4 -T"C:\Users\lucas\Documents\GitHub\2526_Projet1AB_SPIP\Firmware\PAMi\STM32G431CBUX_FLASH.ld" --specs=nosys.specs -Wl,-Map="PAMi.map" -Wl,--gc-sections -static --specs=nano.specs -mfpu=fpv4-sp-d16 -mfloat-abi=hard -mthumb -u _printf_float -Wl,--start-group -lc -lm -Wl,--end-group
Finished building target: PAMi.elf
 
arm-none-eabi-size  PAMi.elf 
arm-none-eabi-objdump -h -S PAMi.elf  > "PAMi.list"
   text	   data	    bss	    dec	    hex	filename
  36288	    468	   2652	  39408	   99f0	PAMi.elf
Finished building: default.size.stdout
 
Finished building: PAMi.list
 
17:56:28 **** Incremental Build of configuration Debug for project PAMi ****
make -j8 all 
arm-none-eabi-size  PAMi.elf 
   text	   data	    bss	    dec	    hex	filename
  36288	    468	   2652	  39408	   99f0	PAMi.elf
Finished building: default.size.stdout
 
18:12:33 **** Incremental Build of configuration Debug for project PAMi ****
make -j8 all 
arm-none-eabi-gcc "../Core/Src/main.c" -mcpu=cortex-m4 -std=gnu11 -g3 -DDEBUG -DUSE_HAL_DRIVER -DSTM32G431xx -c -I../Core/Inc -I../Drivers/STM32G4xx_HAL_Driver/Inc -I../Drivers/STM32G4xx_HAL_Driver/Inc/Legacy -I../Drivers/CMSIS/Device/ST/STM32G4xx/Include -I../Drivers/CMSIS/Include -O0 -ffunction-sections -fdata-sections -Wall -fstack-usage -fcyclomatic-complexity -MMD -MP -MF"Core/Src/main.d" -MT"Core/Src/main.o" --specs=nano.specs -mfpu=fpv4-sp-d16 -mfloat-abi=hard -mthumb -o "Core/Src/main.o"
arm-none-eabi-gcc "../Core/Src/mouvement.c" -mcpu=cortex-m4 -std=gnu11 -g3 -DDEBUG -DUSE_HAL_DRIVER -DSTM32G431xx -c -I../Core/Inc -I../Drivers/STM32G4xx_HAL_Driver/Inc -I../Drivers/STM32G4xx_HAL_Driver/Inc/Legacy -I../Drivers/CMSIS/Device/ST/STM32G4xx/Include -I../Drivers/CMSIS/Include -O0 -ffunction-sections -fdata-sections -Wall -fstack-usage -fcyclomatic-complexity -MMD -MP -MF"Core/Src/mouvement.d" -MT"Core/Src/mouvement.o" --specs=nano.specs -mfpu=fpv4-sp-d16 -mfloat-abi=hard -mthumb -o "Core/Src/mouvement.o"
arm-none-eabi-gcc "../Core/Src/stm32g4xx_it.c" -mcpu=cortex-m4 -std=gnu11 -g3 -DDEBUG -DUSE_HAL_DRIVER -DSTM32G431xx -c -I../Core/Inc -I../Drivers/STM32G4xx_HAL_Driver/Inc -I../Drivers/STM32G4xx_HAL_Driver/Inc/Legacy -I../Drivers/CMSIS/Device/ST/STM32G4xx/Include -I../Drivers/CMSIS/Include -O0 -ffunction-sections -fdata-sections -Wall -fstack-usage -fcyclomatic-complexity -MMD -MP -MF"Core/Src/stm32g4xx_it.d" -MT"Core/Src/stm32g4xx_it.o" --specs=nano.specs -mfpu=fpv4-sp-d16 -mfloat-abi=hard -mthumb -o "Core/Src/stm32g4xx_it.o"
arm-none-eabi-gcc -o "PAMi.elf" @"objects.list"   -mcpu=cortex-m4 -T"C:\Users\lucas\Documents\GitHub\2526_Projet1AB_SPIP\Firmware\PAMi\STM32G431CBUX_FLASH.ld" --specs=nosys.specs -Wl,-Map="PAMi.map" -Wl,--gc-sections -static --specs=nano.specs -mfpu=fpv4-sp-d16 -mfloat-abi=hard -mthumb -u _printf_float -Wl,--start-group -lc -lm -Wl,--end-group
Finished building target: PAMi.elf
 
arm-none-eabi-size  PAMi.elf 
arm-none-eabi-objdump -h -S PAMi.elf  > "PAMi.list"
   text	   data	    bss	    dec	    hex	filename
  36280	    468	   2652	  39400	   99e8	PAMi.elf
Finished building: default.size.stdout
 
Finished building: PAMi.list
 
18:15:10 **** Incremental Build of configuration Debug for project PAMi ****
make -j8 all 
arm-none-eabi-gcc "../Core/Src/main.c" -mcpu=cortex-m4 -std=gnu11 -g3 -DDEBUG -DUSE_HAL_DRIVER -DSTM32G431xx -c -I../Core/Inc -I../Drivers/STM32G4xx_HAL_Driver/Inc -I../Drivers/STM32G4xx_HAL_Driver/Inc/Legacy -I../Drivers/CMSIS/Device/ST/STM32G4xx/Include -I../Drivers/CMSIS/Include -O0 -ffunction-sections -fdata-sections -Wall -fstack-usage -fcyclomatic-complexity -MMD -MP -MF"Core/Src/main.d" -MT"Core/Src/main.o" --specs=nano.specs -mfpu=fpv4-sp-d16 -mfloat-abi=hard -mthumb -o "Core/Src/main.o"
arm-none-eabi-gcc "../Core/Src/mouvement.c" -mcpu=cortex-m4 -std=gnu11 -g3 -DDEBUG -DUSE_HAL_DRIVER -DSTM32G431xx -c -I../Core/Inc -I../Drivers/STM32G4xx_HAL_Driver/Inc -I../Drivers/STM32G4xx_HAL_Driver/Inc/Legacy -I../Drivers/CMSIS/Device/ST/STM32G4xx/Include -I../Drivers/CMSIS/Include -O0 -ffunction-sections -fdata-sections -Wall -fstack-usage -fcyclomatic-complexity -MMD -MP -MF"Core/Src/mouvement.d" -MT"Core/Src/mouvement.o" --specs=nano.specs -mfpu=fpv4-sp-d16 -mfloat-abi=hard -mthumb -o "Core/Src/mouvement.o"
arm-none-eabi-gcc "../Core/Src/stm32g4xx_it.c" -mcpu=cortex-m4 -std=gnu11 -g3 -DDEBUG -DUSE_HAL_DRIVER -DSTM32G431xx -c -I../Core/Inc -I../Drivers/STM32G4xx_HAL_Driver/Inc -I../Drivers/STM32G4xx_HAL_Driver/Inc/Legacy -I../Drivers/CMSIS/Device/ST/STM32G4xx/Include -I../Drivers/CMSIS/Include -O0 -ffunction-sections -fdata-sections -Wall -fstack-usage -fcyclomatic-complexity -MMD -MP -MF"Core/Src/stm32g4xx_it.d" -MT"Core/Src/stm32g4xx_it.o" --specs=nano.specs -mfpu=fpv4-sp-d16 -mfloat-abi=hard -mthumb -o "Core/Src/stm32g4xx_it.o"
arm-none-eabi-gcc -o "PAMi.elf" @"objects.list"   -mcpu=cortex-m4 -T"C:\Users\lucas\Documents\GitHub\2526_Projet1AB_SPIP\Firmware\PAMi\STM32G431CBUX_FLASH.ld" --specs=nosys.specs -Wl,-Map="PAMi.map" -Wl,--gc-sections -static --specs=nano.specs -mfpu=fpv4-sp-d16 -mfloat-abi=hard -mthumb -u _printf_float -Wl,--start-group -lc -lm -Wl,--end-group
Finished building target: PAMi.elf
 
arm-none-eabi-size  PAMi.elf 
arm-none-eabi-objdump -h -S PAMi.elf  > "PAMi.list"
   text	   data	    bss	    dec	    hex	filename
  36280	    468	   2652	  39400	   99e8	PAMi.elf
Finished building: default.size.stdout
 
Finished building: PAMi.list
 
18:26:02 **** Incremental Build of configuration Debug for project PAMi ****
make -j8 all 
arm-none-eabi-gcc "../Core/Src/mouvement.c" -mcpu=cortex-m4 -std=gnu11 -g3 -DDEBUG -DUSE_HAL_DRIVER -DSTM32G431xx -c -I../Core/Inc -I../Drivers/STM32G4xx_HAL_Driver/Inc -I../Drivers/STM32G4xx_HAL_Driver/Inc/Legacy -I../Drivers/CMSIS/Device/ST/STM32G4xx/Include -I../Drivers/CMSIS/Include -O0 -ffunction-sections -fdata-sections -Wall -fstack-usage -fcyclomatic-complexity -MMD -MP -MF"Core/Src/mouvement.d" -MT"Core/Src/mouvement.o" --specs=nano.specs -mfpu=fpv4-sp-d16 -mfloat-abi=hard -mthumb -o "Core/Src/mouvement.o"
../Core/Src/mouvement.c: In function 'mouvement_update':
../Core/Src/mouvement.c:59:33: warning: variable 'sens_a' set but not used [-Wunused-but-set-variable]
   59 |         int sens_d=1, sens_g=1, sens_a=1;
      |                                 ^~~~~~
arm-none-eabi-gcc -o "PAMi.elf" @"objects.list"   -mcpu=cortex-m4 -T"C:\Users\lucas\Documents\GitHub\2526_Projet1AB_SPIP\Firmware\PAMi\STM32G431CBUX_FLASH.ld" --specs=nosys.specs -Wl,-Map="PAMi.map" -Wl,--gc-sections -static --specs=nano.specs -mfpu=fpv4-sp-d16 -mfloat-abi=hard -mthumb -u _printf_float -Wl,--start-group -lc -lm -Wl,--end-group
Finished building target: PAMi.elf
 
arm-none-eabi-size  PAMi.elf 
arm-none-eabi-objdump -h -S PAMi.elf  > "PAMi.list"
   text	   data	    bss	    dec	    hex	filename
  36376	    468	   2652	  39496	   9a48	PAMi.elf
Finished building: default.size.stdout
 
Finished building: PAMi.list
 
18:26:33 **** Incremental Build of configuration Debug for project PAMi ****
make -j8 all 
arm-none-eabi-gcc "../Core/Src/mouvement.c" -mcpu=cortex-m4 -std=gnu11 -g3 -DDEBUG -DUSE_HAL_DRIVER -DSTM32G431xx -c -I../Core/Inc -I../Drivers/STM32G4xx_HAL_Driver/Inc -I../Drivers/STM32G4xx_HAL_Driver/Inc/Legacy -I../Drivers/CMSIS/Device/ST/STM32G4xx/Include -I../Drivers/CMSIS/Include -O0 -ffunction-sections -fdata-sections -Wall -fstack-usage -fcyclomatic-complexity -MMD -MP -MF"Core/Src/mouvement.d" -MT"Core/Src/mouvement.o" --specs=nano.specs -mfpu=fpv4-sp-d16 -mfloat-abi=hard -mthumb -o "Core/Src/mouvement.o"
arm-none-eabi-gcc -o "PAMi.elf" @"objects.list"   -mcpu=cortex-m4 -T"C:\Users\lucas\Documents\GitHub\2526_Projet1AB_SPIP\Firmware\PAMi\STM32G431CBUX_FLASH.ld" --specs=nosys.specs -Wl,-Map="PAMi.map" -Wl,--gc-sections -static --specs=nano.specs -mfpu=fpv4-sp-d16 -mfloat-abi=hard -mthumb -u _printf_float -Wl,--start-group -lc -lm -Wl,--end-group
Finished building target: PAMi.elf
 
arm-none-eabi-size  PAMi.elf 
arm-none-eabi-objdump -h -S PAMi.elf  > "PAMi.list"
   text	   data	    bss	    dec	    hex	filename
  36280	    468	   2652	  39400	   99e8	PAMi.elf
Finished building: default.size.stdout
 
Finished building: PAMi.list
 
18:28:20 **** Incremental Build of configuration Debug for project PAMi ****
make -j8 all 
arm-none-eabi-gcc "../Core/Src/main.c" -mcpu=cortex-m4 -std=gnu11 -g3 -DDEBUG -DUSE_HAL_DRIVER -DSTM32G431xx -c -I../Core/Inc -I../Drivers/STM32G4xx_HAL_Driver/Inc -I../Drivers/STM32G4xx_HAL_Driver/Inc/Legacy -I../Drivers/CMSIS/Device/ST/STM32G4xx/Include -I../Drivers/CMSIS/Include -O0 -ffunction-sections -fdata-sections -Wall -fstack-usage -fcyclomatic-complexity -MMD -MP -MF"Core/Src/main.d" -MT"Core/Src/main.o" --specs=nano.specs -mfpu=fpv4-sp-d16 -mfloat-abi=hard -mthumb -o "Core/Src/main.o"
arm-none-eabi-gcc -o "PAMi.elf" @"objects.list"   -mcpu=cortex-m4 -T"C:\Users\lucas\Documents\GitHub\2526_Projet1AB_SPIP\Firmware\PAMi\STM32G431CBUX_FLASH.ld" --specs=nosys.specs -Wl,-Map="PAMi.map" -Wl,--gc-sections -static --specs=nano.specs -mfpu=fpv4-sp-d16 -mfloat-abi=hard -mthumb -u _printf_float -Wl,--start-group -lc -lm -Wl,--end-group
Finished building target: PAMi.elf
 
arm-none-eabi-size  PAMi.elf 
arm-none-eabi-objdump -h -S PAMi.elf  > "PAMi.list"
   text	   data	    bss	    dec	    hex	filename
  36272	    468	   2652	  39392	   99e0	PAMi.elf
Finished building: default.size.stdout
 
Finished building: PAMi.list
 
18:33:09 **** Incremental Build of configuration Debug for project PAMi ****
make -j8 all 
arm-none-eabi-gcc "../Core/Src/main.c" -mcpu=cortex-m4 -std=gnu11 -g3 -DDEBUG -DUSE_HAL_DRIVER -DSTM32G431xx -c -I../Core/Inc -I../Drivers/STM32G4xx_HAL_Driver/Inc -I../Drivers/STM32G4xx_HAL_Driver/Inc/Legacy -I../Drivers/CMSIS/Device/ST/STM32G4xx/Include -I../Drivers/CMSIS/Include -O0 -ffunction-sections -fdata-sections -Wall -fstack-usage -fcyclomatic-complexity -MMD -MP -MF"Core/Src/main.d" -MT"Core/Src/main.o" --specs=nano.specs -mfpu=fpv4-sp-d16 -mfloat-abi=hard -mthumb -o "Core/Src/main.o"
arm-none-eabi-gcc -o "PAMi.elf" @"objects.list"   -mcpu=cortex-m4 -T"C:\Users\lucas\Documents\GitHub\2526_Projet1AB_SPIP\Firmware\PAMi\STM32G431CBUX_FLASH.ld" --specs=nosys.specs -Wl,-Map="PAMi.map" -Wl,--gc-sections -static --specs=nano.specs -mfpu=fpv4-sp-d16 -mfloat-abi=hard -mthumb -u _printf_float -Wl,--start-group -lc -lm -Wl,--end-group
Finished building target: PAMi.elf
 
arm-none-eabi-size  PAMi.elf 
arm-none-eabi-objdump -h -S PAMi.elf  > "PAMi.list"
   text	   data	    bss	    dec	    hex	filename
  36280	    468	   2652	  39400	   99e8	PAMi.elf
Finished building: default.size.stdout
 
Finished building: PAMi.list
 
18:36:49 **** Incremental Build of configuration Debug for project PAMi ****
make -j8 all 
arm-none-eabi-gcc "../Core/Src/main.c" -mcpu=cortex-m4 -std=gnu11 -g3 -DDEBUG -DUSE_HAL_DRIVER -DSTM32G431xx -c -I../Core/Inc -I../Drivers/STM32G4xx_HAL_Driver/Inc -I../Drivers/STM32G4xx_HAL_Driver/Inc/Legacy -I../Drivers/CMSIS/Device/ST/STM32G4xx/Include -I../Drivers/CMSIS/Include -O0 -ffunction-sections -fdata-sections -Wall -fstack-usage -fcyclomatic-complexity -MMD -MP -MF"Core/Src/main.d" -MT"Core/Src/main.o" --specs=nano.specs -mfpu=fpv4-sp-d16 -mfloat-abi=hard -mthumb -o "Core/Src/main.o"
arm-none-eabi-gcc -o "PAMi.elf" @"objects.list"   -mcpu=cortex-m4 -T"C:\Users\lucas\Documents\GitHub\2526_Projet1AB_SPIP\Firmware\PAMi\STM32G431CBUX_FLASH.ld" --specs=nosys.specs -Wl,-Map="PAMi.map" -Wl,--gc-sections -static --specs=nano.specs -mfpu=fpv4-sp-d16 -mfloat-abi=hard -mthumb -u _printf_float -Wl,--start-group -lc -lm -Wl,--end-group
Finished building target: PAMi.elf
 
arm-none-eabi-size  PAMi.elf 
arm-none-eabi-objdump -h -S PAMi.elf  > "PAMi.list"
   text	   data	    bss	    dec	    hex	filename
  36280	    468	   2652	  39400	   99e8	PAMi.elf
Finished building: default.size.stdout
 
Finished building: PAMi.list
 
