13:48:10 **** Incremental Build of configuration Debug for project PAMi ****
make -j8 all 
arm-none-eabi-gcc "../Core/Src/main.c" -mcpu=cortex-m4 -std=gnu11 -g3 -DDEBUG -DUSE_HAL_DRIVER -DSTM32G431xx -c -I../Core/Inc -I../Drivers/STM32G4xx_HAL_Driver/Inc -I../Drivers/STM32G4xx_HAL_Driver/Inc/Legacy -I../Drivers/CMSIS/Device/ST/STM32G4xx/Include -I../Drivers/CMSIS/Include -O0 -ffunction-sections -fdata-sections -Wall -fstack-usage -fcyclomatic-complexity -MMD -MP -MF"Core/Src/main.d" -MT"Core/Src/main.o" --specs=nano.specs -mfpu=fpv4-sp-d16 -mfloat-abi=hard -mthumb -o "Core/Src/main.o"
../Core/Src/main.c: In function 'main':
../Core/Src/main.c:121:11: warning: unused variable 'last_count' [-Wunused-variable]
  121 |   int32_t last_count =0;
      |           ^~~~~~~~~~
../Core/Src/main.c:120:11: warning: unused variable 'count' [-Wunused-variable]
  120 |   int32_t count =0;
      |           ^~~~~
arm-none-eabi-gcc -o "PAMi.elf" @"objects.list"   -mcpu=cortex-m4 -T"C:\Users\lucas\Documents\GitHub\2526_Projet1AB_SPIP\Firmware\PAMi\STM32G431CBUX_FLASH.ld" --specs=nosys.specs -Wl,-Map="PAMi.map" -Wl,--gc-sections -static --specs=nano.specs -mfpu=fpv4-sp-d16 -mfloat-abi=hard -mthumb -Wl,--start-group -lc -lm -Wl,--end-group
Finished building target: PAMi.elf
 
arm-none-eabi-size  PAMi.elf 
arm-none-eabi-objdump -h -S PAMi.elf  > "PAMi.list"
   text	   data	    bss	    dec	    hex	filename
  22256	     12	   2260	  24528	   5fd0	PAMi.elf
Finished building: default.size.stdout
 
Finished building: PAMi.list
 
15:26:17 **** Incremental Build of configuration Debug for project PAMi ****
make -j8 all 
arm-none-eabi-size  PAMi.elf 
   text	   data	    bss	    dec	    hex	filename
  22256	     12	   2260	  24528	   5fd0	PAMi.elf
Finished building: default.size.stdout
 
15:26:45 **** Incremental Build of configuration Debug for project PAMi ****
make -j8 all 
arm-none-eabi-size  PAMi.elf 
   text	   data	    bss	    dec	    hex	filename
  22256	     12	   2260	  24528	   5fd0	PAMi.elf
Finished building: default.size.stdout
 
15:27:11 **** Incremental Build of configuration Debug for project PAMi ****
make -j8 all 
arm-none-eabi-size  PAMi.elf 
   text	   data	    bss	    dec	    hex	filename
  22256	     12	   2260	  24528	   5fd0	PAMi.elf
Finished building: default.size.stdout
 
15:27:26 **** Incremental Build of configuration Debug for project PAMi ****
make -j8 all 
arm-none-eabi-size  PAMi.elf 
   text	   data	    bss	    dec	    hex	filename
  22256	     12	   2260	  24528	   5fd0	PAMi.elf
Finished building: default.size.stdout
 
15:34:40 **** Incremental Build of configuration Debug for project PAMi ****
make -j8 all 
arm-none-eabi-gcc "../Core/Src/main.c" -mcpu=cortex-m4 -std=gnu11 -g3 -DDEBUG -DUSE_HAL_DRIVER -DSTM32G431xx -c -I../Core/Inc -I../Drivers/STM32G4xx_HAL_Driver/Inc -I../Drivers/STM32G4xx_HAL_Driver/Inc/Legacy -I../Drivers/CMSIS/Device/ST/STM32G4xx/Include -I../Drivers/CMSIS/Include -O0 -ffunction-sections -fdata-sections -Wall -fstack-usage -fcyclomatic-complexity -MMD -MP -MF"Core/Src/main.d" -MT"Core/Src/main.o" --specs=nano.specs -mfpu=fpv4-sp-d16 -mfloat-abi=hard -mthumb -o "Core/Src/main.o"
arm-none-eabi-gcc "../Core/Src/stm32g4xx_hal_timebase_tim.c" -mcpu=cortex-m4 -std=gnu11 -g3 -DDEBUG -DUSE_HAL_DRIVER -DSTM32G431xx -c -I../Core/Inc -I../Drivers/STM32G4xx_HAL_Driver/Inc -I../Drivers/STM32G4xx_HAL_Driver/Inc/Legacy -I../Drivers/CMSIS/Device/ST/STM32G4xx/Include -I../Drivers/CMSIS/Include -O0 -ffunction-sections -fdata-sections -Wall -fstack-usage -fcyclomatic-complexity -MMD -MP -MF"Core/Src/stm32g4xx_hal_timebase_tim.d" -MT"Core/Src/stm32g4xx_hal_timebase_tim.o" --specs=nano.specs -mfpu=fpv4-sp-d16 -mfloat-abi=hard -mthumb -o "Core/Src/stm32g4xx_hal_timebase_tim.o"
arm-none-eabi-gcc "../Core/Src/stm32g4xx_it.c" -mcpu=cortex-m4 -std=gnu11 -g3 -DDEBUG -DUSE_HAL_DRIVER -DSTM32G431xx -c -I../Core/Inc -I../Drivers/STM32G4xx_HAL_Driver/Inc -I../Drivers/STM32G4xx_HAL_Driver/Inc/Legacy -I../Drivers/CMSIS/Device/ST/STM32G4xx/Include -I../Drivers/CMSIS/Include -O0 -ffunction-sections -fdata-sections -Wall -fstack-usage -fcyclomatic-complexity -MMD -MP -MF"Core/Src/stm32g4xx_it.d" -MT"Core/Src/stm32g4xx_it.o" --specs=nano.specs -mfpu=fpv4-sp-d16 -mfloat-abi=hard -mthumb -o "Core/Src/stm32g4xx_it.o"
../Core/Src/main.c:48:1: error: unknown type name 'HACHER'
   48 | HACHER hacher_g;
      | ^~~~~~
../Core/Src/main.c:49:1: error: unknown type name 'HACHER'
   49 | HACHER hacher_d;
      | ^~~~~~
../Core/Src/main.c:50:1: error: unknown type name 'MOUVEMENTCONTROL'
   50 | MOUVEMENTCONTROL mvt;
      | ^~~~~~~~~~~~~~~~
../Core/Src/main.c: In function 'main':
../Core/Src/main.c:111:3: warning: implicit declaration of function 'hacher_init' [-Wimplicit-function-declaration]
  111 |   hacher_init(&(hacher_g.motor), &htim2, TIM_CHANNEL_1, TIM_CHANNEL_2, 0,
      |   ^~~~~~~~~~~
../Core/Src/main.c:111:25: error: request for member 'motor' in something not a structure or union
  111 |   hacher_init(&(hacher_g.motor), &htim2, TIM_CHANNEL_1, TIM_CHANNEL_2, 0,
      |                         ^
../Core/Src/main.c:112:26: error: request for member 'encoder' in something not a structure or union
  112 |                &(hacher_g.encoder), &htim3, 0, 0);
      |                          ^
../Core/Src/main.c:114:25: error: request for member 'motor' in something not a structure or union
  114 |   hacher_init(&(hacher_d.motor), &htim2, TIM_CHANNEL_3, TIM_CHANNEL_4, 0,
      |                         ^
../Core/Src/main.c:115:26: error: request for member 'encoder' in something not a structure or union
  115 |                &(hacher_d.encoder), &htim4, 0, 0);
      |                          ^
../Core/Src/main.c:116:26: error: 'htim17' undeclared (first use in this function); did you mean 'htim1'?
  116 |   HAL_TIM_Base_Start_IT(&htim17);
      |                          ^~~~~~
      |                          htim1
../Core/Src/main.c:116:26: note: each undeclared identifier is reported only once for each function it appears in
../Core/Src/main.c:119:11: warning: unused variable 'last_count' [-Wunused-variable]
  119 |   int32_t last_count =0;
      |           ^~~~~~~~~~
../Core/Src/main.c:118:11: warning: unused variable 'count' [-Wunused-variable]
  118 |   int32_t count =0;
      |           ^~~~~
make: *** [Core/Src/subdir.mk:61: Core/Src/main.o] Error 1
make: *** Waiting for unfinished jobs....
"make -j8 all" terminated with exit code 2. Build might be incomplete.
15:36:23 **** Incremental Build of configuration Debug for project PAMi ****
make -j8 all 
arm-none-eabi-gcc "../Core/Src/main.c" -mcpu=cortex-m4 -std=gnu11 -g3 -DDEBUG -DUSE_HAL_DRIVER -DSTM32G431xx -c -I../Core/Inc -I../Drivers/STM32G4xx_HAL_Driver/Inc -I../Drivers/STM32G4xx_HAL_Driver/Inc/Legacy -I../Drivers/CMSIS/Device/ST/STM32G4xx/Include -I../Drivers/CMSIS/Include -O0 -ffunction-sections -fdata-sections -Wall -fstack-usage -fcyclomatic-complexity -MMD -MP -MF"Core/Src/main.d" -MT"Core/Src/main.o" --specs=nano.specs -mfpu=fpv4-sp-d16 -mfloat-abi=hard -mthumb -o "Core/Src/main.o"
arm-none-eabi-gcc "../Core/Src/stm32g4xx_hal_timebase_tim.c" -mcpu=cortex-m4 -std=gnu11 -g3 -DDEBUG -DUSE_HAL_DRIVER -DSTM32G431xx -c -I../Core/Inc -I../Drivers/STM32G4xx_HAL_Driver/Inc -I../Drivers/STM32G4xx_HAL_Driver/Inc/Legacy -I../Drivers/CMSIS/Device/ST/STM32G4xx/Include -I../Drivers/CMSIS/Include -O0 -ffunction-sections -fdata-sections -Wall -fstack-usage -fcyclomatic-complexity -MMD -MP -MF"Core/Src/stm32g4xx_hal_timebase_tim.d" -MT"Core/Src/stm32g4xx_hal_timebase_tim.o" --specs=nano.specs -mfpu=fpv4-sp-d16 -mfloat-abi=hard -mthumb -o "Core/Src/stm32g4xx_hal_timebase_tim.o"
arm-none-eabi-gcc "../Core/Src/stm32g4xx_it.c" -mcpu=cortex-m4 -std=gnu11 -g3 -DDEBUG -DUSE_HAL_DRIVER -DSTM32G431xx -c -I../Core/Inc -I../Drivers/STM32G4xx_HAL_Driver/Inc -I../Drivers/STM32G4xx_HAL_Driver/Inc/Legacy -I../Drivers/CMSIS/Device/ST/STM32G4xx/Include -I../Drivers/CMSIS/Include -O0 -ffunction-sections -fdata-sections -Wall -fstack-usage -fcyclomatic-complexity -MMD -MP -MF"Core/Src/stm32g4xx_it.d" -MT"Core/Src/stm32g4xx_it.o" --specs=nano.specs -mfpu=fpv4-sp-d16 -mfloat-abi=hard -mthumb -o "Core/Src/stm32g4xx_it.o"
../Core/Src/main.c:48:1: error: unknown type name 'HACHER'
   48 | HACHER hacher_g;
      | ^~~~~~
../Core/Src/main.c:49:1: error: unknown type name 'HACHER'
   49 | HACHER hacher_d;
      | ^~~~~~
../Core/Src/main.c:50:1: error: unknown type name 'MOUVEMENTCONTROL'
   50 | MOUVEMENTCONTROL mvt;
      | ^~~~~~~~~~~~~~~~
../Core/Src/main.c: In function 'main':
../Core/Src/main.c:111:3: warning: implicit declaration of function 'hacher_init' [-Wimplicit-function-declaration]
  111 |   hacher_init(&(hacher_g.motor), &htim2, TIM_CHANNEL_1, TIM_CHANNEL_2, 0,
      |   ^~~~~~~~~~~
../Core/Src/main.c:111:25: error: request for member 'motor' in something not a structure or union
  111 |   hacher_init(&(hacher_g.motor), &htim2, TIM_CHANNEL_1, TIM_CHANNEL_2, 0,
      |                         ^
../Core/Src/main.c:112:26: error: request for member 'encoder' in something not a structure or union
  112 |                &(hacher_g.encoder), &htim3, 0, 0);
      |                          ^
../Core/Src/main.c:114:25: error: request for member 'motor' in something not a structure or union
  114 |   hacher_init(&(hacher_d.motor), &htim2, TIM_CHANNEL_3, TIM_CHANNEL_4, 0,
      |                         ^
../Core/Src/main.c:115:26: error: request for member 'encoder' in something not a structure or union
  115 |                &(hacher_d.encoder), &htim4, 0, 0);
      |                          ^
../Core/Src/main.c:119:11: warning: unused variable 'last_count' [-Wunused-variable]
  119 |   int32_t last_count =0;
      |           ^~~~~~~~~~
../Core/Src/main.c:118:11: warning: unused variable 'count' [-Wunused-variable]
  118 |   int32_t count =0;
      |           ^~~~~
make: *** [Core/Src/subdir.mk:61: Core/Src/main.o] Error 1
make: *** Waiting for unfinished jobs....
"make -j8 all" terminated with exit code 2. Build might be incomplete.
15:37:46 **** Incremental Build of configuration Debug for project PAMi ****
make -j8 all 
arm-none-eabi-gcc "../Core/Src/main.c" -mcpu=cortex-m4 -std=gnu11 -g3 -DDEBUG -DUSE_HAL_DRIVER -DSTM32G431xx -c -I../Core/Inc -I../Drivers/STM32G4xx_HAL_Driver/Inc -I../Drivers/STM32G4xx_HAL_Driver/Inc/Legacy -I../Drivers/CMSIS/Device/ST/STM32G4xx/Include -I../Drivers/CMSIS/Include -O0 -ffunction-sections -fdata-sections -Wall -fstack-usage -fcyclomatic-complexity -MMD -MP -MF"Core/Src/main.d" -MT"Core/Src/main.o" --specs=nano.specs -mfpu=fpv4-sp-d16 -mfloat-abi=hard -mthumb -o "Core/Src/main.o"
../Core/Src/main.c: In function 'main':
../Core/Src/main.c:119:11: warning: unused variable 'last_count' [-Wunused-variable]
  119 |   int32_t last_count =0;
      |           ^~~~~~~~~~
../Core/Src/main.c:118:11: warning: unused variable 'count' [-Wunused-variable]
  118 |   int32_t count =0;
      |           ^~~~~
arm-none-eabi-gcc -o "PAMi.elf" @"objects.list"   -mcpu=cortex-m4 -T"C:\Users\lucas\Documents\GitHub\2526_Projet1AB_SPIP\Firmware\PAMi\STM32G431CBUX_FLASH.ld" --specs=nosys.specs -Wl,-Map="PAMi.map" -Wl,--gc-sections -static --specs=nano.specs -mfpu=fpv4-sp-d16 -mfloat-abi=hard -mthumb -Wl,--start-group -lc -lm -Wl,--end-group
Finished building target: PAMi.elf
 
arm-none-eabi-size  PAMi.elf 
arm-none-eabi-objdump -h -S PAMi.elf  > "PAMi.list"
   text	   data	    bss	    dec	    hex	filename
  19516	     12	   2244	  21772	   550c	PAMi.elf
Finished building: default.size.stdout
 
Finished building: PAMi.list
 
15:40:22 **** Incremental Build of configuration Debug for project PAMi ****
make -j8 all 
arm-none-eabi-gcc "../Core/Src/asservissement.c" -mcpu=cortex-m4 -std=gnu11 -g3 -DDEBUG -DUSE_HAL_DRIVER -DSTM32G431xx -c -I../Core/Inc -I../Drivers/STM32G4xx_HAL_Driver/Inc -I../Drivers/STM32G4xx_HAL_Driver/Inc/Legacy -I../Drivers/CMSIS/Device/ST/STM32G4xx/Include -I../Drivers/CMSIS/Include -O0 -ffunction-sections -fdata-sections -Wall -fstack-usage -fcyclomatic-complexity -MMD -MP -MF"Core/Src/asservissement.d" -MT"Core/Src/asservissement.o" --specs=nano.specs -mfpu=fpv4-sp-d16 -mfloat-abi=hard -mthumb -o "Core/Src/asservissement.o"
arm-none-eabi-gcc "../Core/Src/encoder.c" -mcpu=cortex-m4 -std=gnu11 -g3 -DDEBUG -DUSE_HAL_DRIVER -DSTM32G431xx -c -I../Core/Inc -I../Drivers/STM32G4xx_HAL_Driver/Inc -I../Drivers/STM32G4xx_HAL_Driver/Inc/Legacy -I../Drivers/CMSIS/Device/ST/STM32G4xx/Include -I../Drivers/CMSIS/Include -O0 -ffunction-sections -fdata-sections -Wall -fstack-usage -fcyclomatic-complexity -MMD -MP -MF"Core/Src/encoder.d" -MT"Core/Src/encoder.o" --specs=nano.specs -mfpu=fpv4-sp-d16 -mfloat-abi=hard -mthumb -o "Core/Src/encoder.o"
arm-none-eabi-gcc "../Core/Src/gpio.c" -mcpu=cortex-m4 -std=gnu11 -g3 -DDEBUG -DUSE_HAL_DRIVER -DSTM32G431xx -c -I../Core/Inc -I../Drivers/STM32G4xx_HAL_Driver/Inc -I../Drivers/STM32G4xx_HAL_Driver/Inc/Legacy -I../Drivers/CMSIS/Device/ST/STM32G4xx/Include -I../Drivers/CMSIS/Include -O0 -ffunction-sections -fdata-sections -Wall -fstack-usage -fcyclomatic-complexity -MMD -MP -MF"Core/Src/gpio.d" -MT"Core/Src/gpio.o" --specs=nano.specs -mfpu=fpv4-sp-d16 -mfloat-abi=hard -mthumb -o "Core/Src/gpio.o"
arm-none-eabi-gcc "../Core/Src/hacher.c" -mcpu=cortex-m4 -std=gnu11 -g3 -DDEBUG -DUSE_HAL_DRIVER -DSTM32G431xx -c -I../Core/Inc -I../Drivers/STM32G4xx_HAL_Driver/Inc -I../Drivers/STM32G4xx_HAL_Driver/Inc/Legacy -I../Drivers/CMSIS/Device/ST/STM32G4xx/Include -I../Drivers/CMSIS/Include -O0 -ffunction-sections -fdata-sections -Wall -fstack-usage -fcyclomatic-complexity -MMD -MP -MF"Core/Src/hacher.d" -MT"Core/Src/hacher.o" --specs=nano.specs -mfpu=fpv4-sp-d16 -mfloat-abi=hard -mthumb -o "Core/Src/hacher.o"
arm-none-eabi-gcc "../Core/Src/main.c" -mcpu=cortex-m4 -std=gnu11 -g3 -DDEBUG -DUSE_HAL_DRIVER -DSTM32G431xx -c -I../Core/Inc -I../Drivers/STM32G4xx_HAL_Driver/Inc -I../Drivers/STM32G4xx_HAL_Driver/Inc/Legacy -I../Drivers/CMSIS/Device/ST/STM32G4xx/Include -I../Drivers/CMSIS/Include -O0 -ffunction-sections -fdata-sections -Wall -fstack-usage -fcyclomatic-complexity -MMD -MP -MF"Core/Src/main.d" -MT"Core/Src/main.o" --specs=nano.specs -mfpu=fpv4-sp-d16 -mfloat-abi=hard -mthumb -o "Core/Src/main.o"
arm-none-eabi-gcc "../Core/Src/motor.c" -mcpu=cortex-m4 -std=gnu11 -g3 -DDEBUG -DUSE_HAL_DRIVER -DSTM32G431xx -c -I../Core/Inc -I../Drivers/STM32G4xx_HAL_Driver/Inc -I../Drivers/STM32G4xx_HAL_Driver/Inc/Legacy -I../Drivers/CMSIS/Device/ST/STM32G4xx/Include -I../Drivers/CMSIS/Include -O0 -ffunction-sections -fdata-sections -Wall -fstack-usage -fcyclomatic-complexity -MMD -MP -MF"Core/Src/motor.d" -MT"Core/Src/motor.o" --specs=nano.specs -mfpu=fpv4-sp-d16 -mfloat-abi=hard -mthumb -o "Core/Src/motor.o"
arm-none-eabi-gcc "../Core/Src/mouvement.c" -mcpu=cortex-m4 -std=gnu11 -g3 -DDEBUG -DUSE_HAL_DRIVER -DSTM32G431xx -c -I../Core/Inc -I../Drivers/STM32G4xx_HAL_Driver/Inc -I../Drivers/STM32G4xx_HAL_Driver/Inc/Legacy -I../Drivers/CMSIS/Device/ST/STM32G4xx/Include -I../Drivers/CMSIS/Include -O0 -ffunction-sections -fdata-sections -Wall -fstack-usage -fcyclomatic-complexity -MMD -MP -MF"Core/Src/mouvement.d" -MT"Core/Src/mouvement.o" --specs=nano.specs -mfpu=fpv4-sp-d16 -mfloat-abi=hard -mthumb -o "Core/Src/mouvement.o"
arm-none-eabi-gcc "../Core/Src/stm32g4xx_hal_msp.c" -mcpu=cortex-m4 -std=gnu11 -g3 -DDEBUG -DUSE_HAL_DRIVER -DSTM32G431xx -c -I../Core/Inc -I../Drivers/STM32G4xx_HAL_Driver/Inc -I../Drivers/STM32G4xx_HAL_Driver/Inc/Legacy -I../Drivers/CMSIS/Device/ST/STM32G4xx/Include -I../Drivers/CMSIS/Include -O0 -ffunction-sections -fdata-sections -Wall -fstack-usage -fcyclomatic-complexity -MMD -MP -MF"Core/Src/stm32g4xx_hal_msp.d" -MT"Core/Src/stm32g4xx_hal_msp.o" --specs=nano.specs -mfpu=fpv4-sp-d16 -mfloat-abi=hard -mthumb -o "Core/Src/stm32g4xx_hal_msp.o"
../Core/Src/main.c:48:1: error: unknown type name 'HACHER'
   48 | HACHER hacher_g;
      | ^~~~~~
../Core/Src/main.c:49:1: error: unknown type name 'HACHER'
   49 | HACHER hacher_d;
      | ^~~~~~
../Core/Src/main.c:50:1: error: unknown type name 'MOUVEMENTCONTROL'
   50 | MOUVEMENTCONTROL mvt;
      | ^~~~~~~~~~~~~~~~
../Core/Src/main.c: In function 'main':
../Core/Src/main.c:112:3: warning: implicit declaration of function 'hacher_init' [-Wimplicit-function-declaration]
  112 |   hacher_init(&(hacher_g.motor), &htim2, TIM_CHANNEL_1, TIM_CHANNEL_2, 0,
      |   ^~~~~~~~~~~
../Core/Src/main.c:112:25: error: request for member 'motor' in something not a structure or union
  112 |   hacher_init(&(hacher_g.motor), &htim2, TIM_CHANNEL_1, TIM_CHANNEL_2, 0,
      |                         ^
../Core/Src/main.c:113:26: error: request for member 'encoder' in something not a structure or union
  113 |                &(hacher_g.encoder), &htim3, 0, 0);
      |                          ^
../Core/Src/main.c:115:25: error: request for member 'motor' in something not a structure or union
  115 |   hacher_init(&(hacher_d.motor), &htim2, TIM_CHANNEL_3, TIM_CHANNEL_4, 0,
      |                         ^
../Core/Src/main.c:116:26: error: request for member 'encoder' in something not a structure or union
  116 |                &(hacher_d.encoder), &htim4, 0, 0);
      |                          ^
../Core/Src/main.c:120:11: warning: unused variable 'last_count' [-Wunused-variable]
  120 |   int32_t last_count =0;
      |           ^~~~~~~~~~
../Core/Src/main.c:119:11: warning: unused variable 'count' [-Wunused-variable]
  119 |   int32_t count =0;
      |           ^~~~~
make: *** [Core/Src/subdir.mk:58: Core/Src/main.o] Error 1
make: *** Waiting for unfinished jobs....
"make -j8 all" terminated with exit code 2. Build might be incomplete.
15:40:56 **** Incremental Build of configuration Debug for project PAMi ****
make -j8 all 
arm-none-eabi-gcc "../Core/Src/main.c" -mcpu=cortex-m4 -std=gnu11 -g3 -DDEBUG -DUSE_HAL_DRIVER -DSTM32G431xx -c -I../Core/Inc -I../Drivers/STM32G4xx_HAL_Driver/Inc -I../Drivers/STM32G4xx_HAL_Driver/Inc/Legacy -I../Drivers/CMSIS/Device/ST/STM32G4xx/Include -I../Drivers/CMSIS/Include -O0 -ffunction-sections -fdata-sections -Wall -fstack-usage -fcyclomatic-complexity -MMD -MP -MF"Core/Src/main.d" -MT"Core/Src/main.o" --specs=nano.specs -mfpu=fpv4-sp-d16 -mfloat-abi=hard -mthumb -o "Core/Src/main.o"
arm-none-eabi-gcc "../Core/Src/stm32g4xx_it.c" -mcpu=cortex-m4 -std=gnu11 -g3 -DDEBUG -DUSE_HAL_DRIVER -DSTM32G431xx -c -I../Core/Inc -I../Drivers/STM32G4xx_HAL_Driver/Inc -I../Drivers/STM32G4xx_HAL_Driver/Inc/Legacy -I../Drivers/CMSIS/Device/ST/STM32G4xx/Include -I../Drivers/CMSIS/Include -O0 -ffunction-sections -fdata-sections -Wall -fstack-usage -fcyclomatic-complexity -MMD -MP -MF"Core/Src/stm32g4xx_it.d" -MT"Core/Src/stm32g4xx_it.o" --specs=nano.specs -mfpu=fpv4-sp-d16 -mfloat-abi=hard -mthumb -o "Core/Src/stm32g4xx_it.o"
arm-none-eabi-gcc "../Core/Src/syscalls.c" -mcpu=cortex-m4 -std=gnu11 -g3 -DDEBUG -DUSE_HAL_DRIVER -DSTM32G431xx -c -I../Core/Inc -I../Drivers/STM32G4xx_HAL_Driver/Inc -I../Drivers/STM32G4xx_HAL_Driver/Inc/Legacy -I../Drivers/CMSIS/Device/ST/STM32G4xx/Include -I../Drivers/CMSIS/Include -O0 -ffunction-sections -fdata-sections -Wall -fstack-usage -fcyclomatic-complexity -MMD -MP -MF"Core/Src/syscalls.d" -MT"Core/Src/syscalls.o" --specs=nano.specs -mfpu=fpv4-sp-d16 -mfloat-abi=hard -mthumb -o "Core/Src/syscalls.o"
arm-none-eabi-gcc "../Core/Src/sysmem.c" -mcpu=cortex-m4 -std=gnu11 -g3 -DDEBUG -DUSE_HAL_DRIVER -DSTM32G431xx -c -I../Core/Inc -I../Drivers/STM32G4xx_HAL_Driver/Inc -I../Drivers/STM32G4xx_HAL_Driver/Inc/Legacy -I../Drivers/CMSIS/Device/ST/STM32G4xx/Include -I../Drivers/CMSIS/Include -O0 -ffunction-sections -fdata-sections -Wall -fstack-usage -fcyclomatic-complexity -MMD -MP -MF"Core/Src/sysmem.d" -MT"Core/Src/sysmem.o" --specs=nano.specs -mfpu=fpv4-sp-d16 -mfloat-abi=hard -mthumb -o "Core/Src/sysmem.o"
arm-none-eabi-gcc "../Core/Src/system_stm32g4xx.c" -mcpu=cortex-m4 -std=gnu11 -g3 -DDEBUG -DUSE_HAL_DRIVER -DSTM32G431xx -c -I../Core/Inc -I../Drivers/STM32G4xx_HAL_Driver/Inc -I../Drivers/STM32G4xx_HAL_Driver/Inc/Legacy -I../Drivers/CMSIS/Device/ST/STM32G4xx/Include -I../Drivers/CMSIS/Include -O0 -ffunction-sections -fdata-sections -Wall -fstack-usage -fcyclomatic-complexity -MMD -MP -MF"Core/Src/system_stm32g4xx.d" -MT"Core/Src/system_stm32g4xx.o" --specs=nano.specs -mfpu=fpv4-sp-d16 -mfloat-abi=hard -mthumb -o "Core/Src/system_stm32g4xx.o"
arm-none-eabi-gcc "../Core/Src/tim.c" -mcpu=cortex-m4 -std=gnu11 -g3 -DDEBUG -DUSE_HAL_DRIVER -DSTM32G431xx -c -I../Core/Inc -I../Drivers/STM32G4xx_HAL_Driver/Inc -I../Drivers/STM32G4xx_HAL_Driver/Inc/Legacy -I../Drivers/CMSIS/Device/ST/STM32G4xx/Include -I../Drivers/CMSIS/Include -O0 -ffunction-sections -fdata-sections -Wall -fstack-usage -fcyclomatic-complexity -MMD -MP -MF"Core/Src/tim.d" -MT"Core/Src/tim.o" --specs=nano.specs -mfpu=fpv4-sp-d16 -mfloat-abi=hard -mthumb -o "Core/Src/tim.o"
arm-none-eabi-gcc "../Core/Src/usart.c" -mcpu=cortex-m4 -std=gnu11 -g3 -DDEBUG -DUSE_HAL_DRIVER -DSTM32G431xx -c -I../Core/Inc -I../Drivers/STM32G4xx_HAL_Driver/Inc -I../Drivers/STM32G4xx_HAL_Driver/Inc/Legacy -I../Drivers/CMSIS/Device/ST/STM32G4xx/Include -I../Drivers/CMSIS/Include -O0 -ffunction-sections -fdata-sections -Wall -fstack-usage -fcyclomatic-complexity -MMD -MP -MF"Core/Src/usart.d" -MT"Core/Src/usart.o" --specs=nano.specs -mfpu=fpv4-sp-d16 -mfloat-abi=hard -mthumb -o "Core/Src/usart.o"
../Core/Src/main.c: In function 'main':
../Core/Src/main.c:120:11: warning: unused variable 'last_count' [-Wunused-variable]
  120 |   int32_t last_count =0;
      |           ^~~~~~~~~~
../Core/Src/main.c:119:11: warning: unused variable 'count' [-Wunused-variable]
  119 |   int32_t count =0;
      |           ^~~~~
arm-none-eabi-gcc -o "PAMi.elf" @"objects.list"   -mcpu=cortex-m4 -T"C:\Users\lucas\Documents\GitHub\2526_Projet1AB_SPIP\Firmware\PAMi\STM32G431CBUX_FLASH.ld" --specs=nosys.specs -Wl,-Map="PAMi.map" -Wl,--gc-sections -static --specs=nano.specs -mfpu=fpv4-sp-d16 -mfloat-abi=hard -mthumb -Wl,--start-group -lc -lm -Wl,--end-group
Finished building target: PAMi.elf
 
arm-none-eabi-size  PAMi.elf 
arm-none-eabi-objdump -h -S PAMi.elf  > "PAMi.list"
   text	   data	    bss	    dec	    hex	filename
  18528	     12	   2244	  20784	   5130	PAMi.elf
Finished building: default.size.stdout
 
Finished building: PAMi.list
 
