18:23:14 **** Incremental Build of configuration Debug for project Firware_SPIP ****
make -j8 all 
arm-none-eabi-gcc "../Core/Src/main.c" -mcpu=cortex-m4 -std=gnu11 -g3 -DDEBUG -DUSE_HAL_DRIVER -DSTM32G431xx -c -I../Core/Inc -I../Drivers/STM32G4xx_HAL_Driver/Inc -I../Drivers/STM32G4xx_HAL_Driver/Inc/Legacy -I../Drivers/CMSIS/Device/ST/STM32G4xx/Include -I../Drivers/CMSIS/Include -O0 -ffunction-sections -fdata-sections -Wall -fstack-usage -fcyclomatic-complexity -MMD -MP -MF"Core/Src/main.d" -MT"Core/Src/main.o" --specs=nano.specs -mfpu=fpv4-sp-d16 -mfloat-abi=hard -mthumb -o "Core/Src/main.o"
arm-none-eabi-gcc -o "Firware_SPIP.elf" @"objects.list"   -mcpu=cortex-m4 -T"/home/lucasa/Documents/2526_Projet1AB_SPIP/Firmware/Firware_SPIP/STM32G431CBUX_FLASH.ld" --specs=nosys.specs -Wl,-Map="Firware_SPIP.map" -Wl,--gc-sections -static --specs=nano.specs -mfpu=fpv4-sp-d16 -mfloat-abi=hard -mthumb -u _printf_float -u _scanf_float -Wl,--start-group -lc -lm -Wl,--end-group
Finished building target: Firware_SPIP.elf
 
arm-none-eabi-size  Firware_SPIP.elf 
arm-none-eabi-objdump -h -S Firware_SPIP.elf  > "Firware_SPIP.list"
   text	   data	    bss	    dec	    hex	filename
  47588	    468	   2804	  50860	   c6ac	Firware_SPIP.elf
Finished building: default.size.stdout
 
Finished building: Firware_SPIP.list
 
18:23:26 **** Incremental Build of configuration Debug for project Firware_SPIP ****
make -j8 all 
arm-none-eabi-size  Firware_SPIP.elf 
   text	   data	    bss	    dec	    hex	filename
  47588	    468	   2804	  50860	   c6ac	Firware_SPIP.elf
Finished building: default.size.stdout
 
18:24:01 **** Incremental Build of configuration Debug for project Firware_SPIP ****
make -j8 all 
arm-none-eabi-gcc "../Core/Src/main.c" -mcpu=cortex-m4 -std=gnu11 -g3 -DDEBUG -DUSE_HAL_DRIVER -DSTM32G431xx -c -I../Core/Inc -I../Drivers/STM32G4xx_HAL_Driver/Inc -I../Drivers/STM32G4xx_HAL_Driver/Inc/Legacy -I../Drivers/CMSIS/Device/ST/STM32G4xx/Include -I../Drivers/CMSIS/Include -O0 -ffunction-sections -fdata-sections -Wall -fstack-usage -fcyclomatic-complexity -MMD -MP -MF"Core/Src/main.d" -MT"Core/Src/main.o" --specs=nano.specs -mfpu=fpv4-sp-d16 -mfloat-abi=hard -mthumb -o "Core/Src/main.o"
../Core/Src/main.c: In function 'main':
../Core/Src/main.c:141:21: warning: passing argument 1 of 'status_init' from incompatible pointer type [-Wincompatible-pointer-types]
  141 |         status_init(&status);
      |                     ^~~~~~~
      |                     |
      |                     STATE **
In file included from ../Core/Src/main.c:30:
../Core/Inc/strategy.h:30:26: note: expected 'STATE *' but argument is of type 'STATE **'
   30 | void status_init(STATE * status);
      |                  ~~~~~~~~^~~~~~
../Core/Src/main.c:142:26: warning: passing argument 1 of 'status_tail_init' from incompatible pointer type [-Wincompatible-pointer-types]
  142 |         status_tail_init(&status_tail);
      |                          ^~~~~~~~~~~~
      |                          |
      |                          STATE_TAIL **
In file included from ../Core/Src/main.c:31:
../Core/Inc/xl320.h:43:36: note: expected 'STATE_TAIL *' but argument is of type 'STATE_TAIL **'
   43 | void status_tail_init(STATE_TAIL * status_tail);
      |                       ~~~~~~~~~~~~~^~~~~~~~~~~
../Core/Src/main.c:159:28: warning: passing argument 1 of 'yellow_one' from incompatible pointer type [-Wincompatible-pointer-types]
  159 |                 yellow_one(&status);
      |                            ^~~~~~~
      |                            |
      |                            STATE **
../Core/Inc/strategy.h:29:25: note: expected 'STATE *' but argument is of type 'STATE **'
   29 | void yellow_one(STATE * status);
      |                 ~~~~~~~~^~~~~~
../Core/Src/main.c:160:27: warning: passing argument 1 of 'move_tail' from incompatible pointer type [-Wincompatible-pointer-types]
  160 |                 move_tail(&status_tail);
      |                           ^~~~~~~~~~~~
      |                           |
      |                           STATE_TAIL **
../Core/Inc/xl320.h:44:29: note: expected 'STATE_TAIL *' but argument is of type 'STATE_TAIL **'
   44 | void move_tail(STATE_TAIL * status_tail);
      |                ~~~~~~~~~~~~~^~~~~~~~~~~
arm-none-eabi-gcc -o "Firware_SPIP.elf" @"objects.list"   -mcpu=cortex-m4 -T"/home/lucasa/Documents/2526_Projet1AB_SPIP/Firmware/Firware_SPIP/STM32G431CBUX_FLASH.ld" --specs=nosys.specs -Wl,-Map="Firware_SPIP.map" -Wl,--gc-sections -static --specs=nano.specs -mfpu=fpv4-sp-d16 -mfloat-abi=hard -mthumb -u _printf_float -u _scanf_float -Wl,--start-group -lc -lm -Wl,--end-group
Finished building target: Firware_SPIP.elf
 
arm-none-eabi-size  Firware_SPIP.elf 
arm-none-eabi-objdump -h -S Firware_SPIP.elf  > "Firware_SPIP.list"
   text	   data	    bss	    dec	    hex	filename
  47572	    468	   2804	  50844	   c69c	Firware_SPIP.elf
Finished building: default.size.stdout
 
Finished building: Firware_SPIP.list
 
18:25:29 **** Incremental Build of configuration Debug for project Firware_SPIP ****
make -j8 all 
arm-none-eabi-gcc "../Core/Src/main.c" -mcpu=cortex-m4 -std=gnu11 -g3 -DDEBUG -DUSE_HAL_DRIVER -DSTM32G431xx -c -I../Core/Inc -I../Drivers/STM32G4xx_HAL_Driver/Inc -I../Drivers/STM32G4xx_HAL_Driver/Inc/Legacy -I../Drivers/CMSIS/Device/ST/STM32G4xx/Include -I../Drivers/CMSIS/Include -O0 -ffunction-sections -fdata-sections -Wall -fstack-usage -fcyclomatic-complexity -MMD -MP -MF"Core/Src/main.d" -MT"Core/Src/main.o" --specs=nano.specs -mfpu=fpv4-sp-d16 -mfloat-abi=hard -mthumb -o "Core/Src/main.o"
arm-none-eabi-gcc -o "Firware_SPIP.elf" @"objects.list"   -mcpu=cortex-m4 -T"/home/lucasa/Documents/2526_Projet1AB_SPIP/Firmware/Firware_SPIP/STM32G431CBUX_FLASH.ld" --specs=nosys.specs -Wl,-Map="Firware_SPIP.map" -Wl,--gc-sections -static --specs=nano.specs -mfpu=fpv4-sp-d16 -mfloat-abi=hard -mthumb -u _printf_float -u _scanf_float -Wl,--start-group -lc -lm -Wl,--end-group
Finished building target: Firware_SPIP.elf
 
arm-none-eabi-size  Firware_SPIP.elf 
arm-none-eabi-objdump -h -S Firware_SPIP.elf  > "Firware_SPIP.list"
   text	   data	    bss	    dec	    hex	filename
  47356	    468	   2804	  50628	   c5c4	Firware_SPIP.elf
Finished building: default.size.stdout
 
Finished building: Firware_SPIP.list
 
18:26:24 **** Incremental Build of configuration Debug for project Firware_SPIP ****
make -j8 all 
arm-none-eabi-gcc "../Core/Src/main.c" -mcpu=cortex-m4 -std=gnu11 -g3 -DDEBUG -DUSE_HAL_DRIVER -DSTM32G431xx -c -I../Core/Inc -I../Drivers/STM32G4xx_HAL_Driver/Inc -I../Drivers/STM32G4xx_HAL_Driver/Inc/Legacy -I../Drivers/CMSIS/Device/ST/STM32G4xx/Include -I../Drivers/CMSIS/Include -O0 -ffunction-sections -fdata-sections -Wall -fstack-usage -fcyclomatic-complexity -MMD -MP -MF"Core/Src/main.d" -MT"Core/Src/main.o" --specs=nano.specs -mfpu=fpv4-sp-d16 -mfloat-abi=hard -mthumb -o "Core/Src/main.o"
arm-none-eabi-gcc -o "Firware_SPIP.elf" @"objects.list"   -mcpu=cortex-m4 -T"/home/lucasa/Documents/2526_Projet1AB_SPIP/Firmware/Firware_SPIP/STM32G431CBUX_FLASH.ld" --specs=nosys.specs -Wl,-Map="Firware_SPIP.map" -Wl,--gc-sections -static --specs=nano.specs -mfpu=fpv4-sp-d16 -mfloat-abi=hard -mthumb -u _printf_float -u _scanf_float -Wl,--start-group -lc -lm -Wl,--end-group
Finished building target: Firware_SPIP.elf
 
arm-none-eabi-size  Firware_SPIP.elf 
arm-none-eabi-objdump -h -S Firware_SPIP.elf  > "Firware_SPIP.list"
   text	   data	    bss	    dec	    hex	filename
  47348	    468	   2804	  50620	   c5bc	Firware_SPIP.elf
Finished building: default.size.stdout
 
Finished building: Firware_SPIP.list
 
18:27:03 **** Incremental Build of configuration Debug for project Firware_SPIP ****
make -j8 all 
arm-none-eabi-gcc "../Core/Src/main.c" -mcpu=cortex-m4 -std=gnu11 -g3 -DDEBUG -DUSE_HAL_DRIVER -DSTM32G431xx -c -I../Core/Inc -I../Drivers/STM32G4xx_HAL_Driver/Inc -I../Drivers/STM32G4xx_HAL_Driver/Inc/Legacy -I../Drivers/CMSIS/Device/ST/STM32G4xx/Include -I../Drivers/CMSIS/Include -O0 -ffunction-sections -fdata-sections -Wall -fstack-usage -fcyclomatic-complexity -MMD -MP -MF"Core/Src/main.d" -MT"Core/Src/main.o" --specs=nano.specs -mfpu=fpv4-sp-d16 -mfloat-abi=hard -mthumb -o "Core/Src/main.o"
arm-none-eabi-gcc -o "Firware_SPIP.elf" @"objects.list"   -mcpu=cortex-m4 -T"/home/lucasa/Documents/2526_Projet1AB_SPIP/Firmware/Firware_SPIP/STM32G431CBUX_FLASH.ld" --specs=nosys.specs -Wl,-Map="Firware_SPIP.map" -Wl,--gc-sections -static --specs=nano.specs -mfpu=fpv4-sp-d16 -mfloat-abi=hard -mthumb -u _printf_float -u _scanf_float -Wl,--start-group -lc -lm -Wl,--end-group
Finished building target: Firware_SPIP.elf
 
arm-none-eabi-size  Firware_SPIP.elf 
arm-none-eabi-objdump -h -S Firware_SPIP.elf  > "Firware_SPIP.list"
   text	   data	    bss	    dec	    hex	filename
  47572	    468	   2812	  50852	   c6a4	Firware_SPIP.elf
Finished building: default.size.stdout
 
Finished building: Firware_SPIP.list
 
18:29:58 **** Incremental Build of configuration Debug for project Firware_SPIP ****
make -j8 all 
arm-none-eabi-gcc "../Core/Src/xl320.c" -mcpu=cortex-m4 -std=gnu11 -g3 -DDEBUG -DUSE_HAL_DRIVER -DSTM32G431xx -c -I../Core/Inc -I../Drivers/STM32G4xx_HAL_Driver/Inc -I../Drivers/STM32G4xx_HAL_Driver/Inc/Legacy -I../Drivers/CMSIS/Device/ST/STM32G4xx/Include -I../Drivers/CMSIS/Include -O0 -ffunction-sections -fdata-sections -Wall -fstack-usage -fcyclomatic-complexity -MMD -MP -MF"Core/Src/xl320.d" -MT"Core/Src/xl320.o" --specs=nano.specs -mfpu=fpv4-sp-d16 -mfloat-abi=hard -mthumb -o "Core/Src/xl320.o"
arm-none-eabi-gcc -o "Firware_SPIP.elf" @"objects.list"   -mcpu=cortex-m4 -T"/home/lucasa/Documents/2526_Projet1AB_SPIP/Firmware/Firware_SPIP/STM32G431CBUX_FLASH.ld" --specs=nosys.specs -Wl,-Map="Firware_SPIP.map" -Wl,--gc-sections -static --specs=nano.specs -mfpu=fpv4-sp-d16 -mfloat-abi=hard -mthumb -u _printf_float -u _scanf_float -Wl,--start-group -lc -lm -Wl,--end-group
Finished building target: Firware_SPIP.elf
 
arm-none-eabi-size  Firware_SPIP.elf 
arm-none-eabi-objdump -h -S Firware_SPIP.elf  > "Firware_SPIP.list"
   text	   data	    bss	    dec	    hex	filename
  47564	    468	   2812	  50844	   c69c	Firware_SPIP.elf
Finished building: default.size.stdout
 
Finished building: Firware_SPIP.list
 
18:31:23 **** Incremental Build of configuration Debug for project Firware_SPIP ****
make -j8 all 
arm-none-eabi-gcc "../Core/Src/xl320.c" -mcpu=cortex-m4 -std=gnu11 -g3 -DDEBUG -DUSE_HAL_DRIVER -DSTM32G431xx -c -I../Core/Inc -I../Drivers/STM32G4xx_HAL_Driver/Inc -I../Drivers/STM32G4xx_HAL_Driver/Inc/Legacy -I../Drivers/CMSIS/Device/ST/STM32G4xx/Include -I../Drivers/CMSIS/Include -O0 -ffunction-sections -fdata-sections -Wall -fstack-usage -fcyclomatic-complexity -MMD -MP -MF"Core/Src/xl320.d" -MT"Core/Src/xl320.o" --specs=nano.specs -mfpu=fpv4-sp-d16 -mfloat-abi=hard -mthumb -o "Core/Src/xl320.o"
arm-none-eabi-gcc -o "Firware_SPIP.elf" @"objects.list"   -mcpu=cortex-m4 -T"/home/lucasa/Documents/2526_Projet1AB_SPIP/Firmware/Firware_SPIP/STM32G431CBUX_FLASH.ld" --specs=nosys.specs -Wl,-Map="Firware_SPIP.map" -Wl,--gc-sections -static --specs=nano.specs -mfpu=fpv4-sp-d16 -mfloat-abi=hard -mthumb -u _printf_float -u _scanf_float -Wl,--start-group -lc -lm -Wl,--end-group
Finished building target: Firware_SPIP.elf
 
arm-none-eabi-size  Firware_SPIP.elf 
arm-none-eabi-objdump -h -S Firware_SPIP.elf  > "Firware_SPIP.list"
   text	   data	    bss	    dec	    hex	filename
  47564	    468	   2812	  50844	   c69c	Firware_SPIP.elf
Finished building: default.size.stdout
 
Finished building: Firware_SPIP.list
 
18:31:56 **** Incremental Build of configuration Debug for project Firware_SPIP ****
make -j8 all 
arm-none-eabi-gcc "../Core/Src/xl320.c" -mcpu=cortex-m4 -std=gnu11 -g3 -DDEBUG -DUSE_HAL_DRIVER -DSTM32G431xx -c -I../Core/Inc -I../Drivers/STM32G4xx_HAL_Driver/Inc -I../Drivers/STM32G4xx_HAL_Driver/Inc/Legacy -I../Drivers/CMSIS/Device/ST/STM32G4xx/Include -I../Drivers/CMSIS/Include -O0 -ffunction-sections -fdata-sections -Wall -fstack-usage -fcyclomatic-complexity -MMD -MP -MF"Core/Src/xl320.d" -MT"Core/Src/xl320.o" --specs=nano.specs -mfpu=fpv4-sp-d16 -mfloat-abi=hard -mthumb -o "Core/Src/xl320.o"
arm-none-eabi-gcc -o "Firware_SPIP.elf" @"objects.list"   -mcpu=cortex-m4 -T"/home/lucasa/Documents/2526_Projet1AB_SPIP/Firmware/Firware_SPIP/STM32G431CBUX_FLASH.ld" --specs=nosys.specs -Wl,-Map="Firware_SPIP.map" -Wl,--gc-sections -static --specs=nano.specs -mfpu=fpv4-sp-d16 -mfloat-abi=hard -mthumb -u _printf_float -u _scanf_float -Wl,--start-group -lc -lm -Wl,--end-group
Finished building target: Firware_SPIP.elf
 
arm-none-eabi-size  Firware_SPIP.elf 
arm-none-eabi-objdump -h -S Firware_SPIP.elf  > "Firware_SPIP.list"
   text	   data	    bss	    dec	    hex	filename
  47572	    468	   2812	  50852	   c6a4	Firware_SPIP.elf
Finished building: default.size.stdout
 
Finished building: Firware_SPIP.list
 
18:32:13 **** Incremental Build of configuration Debug for project Firware_SPIP ****
make -j8 all 
arm-none-eabi-gcc "../Core/Src/xl320.c" -mcpu=cortex-m4 -std=gnu11 -g3 -DDEBUG -DUSE_HAL_DRIVER -DSTM32G431xx -c -I../Core/Inc -I../Drivers/STM32G4xx_HAL_Driver/Inc -I../Drivers/STM32G4xx_HAL_Driver/Inc/Legacy -I../Drivers/CMSIS/Device/ST/STM32G4xx/Include -I../Drivers/CMSIS/Include -O0 -ffunction-sections -fdata-sections -Wall -fstack-usage -fcyclomatic-complexity -MMD -MP -MF"Core/Src/xl320.d" -MT"Core/Src/xl320.o" --specs=nano.specs -mfpu=fpv4-sp-d16 -mfloat-abi=hard -mthumb -o "Core/Src/xl320.o"
arm-none-eabi-gcc -o "Firware_SPIP.elf" @"objects.list"   -mcpu=cortex-m4 -T"/home/lucasa/Documents/2526_Projet1AB_SPIP/Firmware/Firware_SPIP/STM32G431CBUX_FLASH.ld" --specs=nosys.specs -Wl,-Map="Firware_SPIP.map" -Wl,--gc-sections -static --specs=nano.specs -mfpu=fpv4-sp-d16 -mfloat-abi=hard -mthumb -u _printf_float -u _scanf_float -Wl,--start-group -lc -lm -Wl,--end-group
Finished building target: Firware_SPIP.elf
 
arm-none-eabi-size  Firware_SPIP.elf 
arm-none-eabi-objdump -h -S Firware_SPIP.elf  > "Firware_SPIP.list"
   text	   data	    bss	    dec	    hex	filename
  47572	    468	   2812	  50852	   c6a4	Firware_SPIP.elf
Finished building: default.size.stdout
 
Finished building: Firware_SPIP.list
 
18:32:48 **** Incremental Build of configuration Debug for project Firware_SPIP ****
make -j8 all 
arm-none-eabi-gcc "../Core/Src/xl320.c" -mcpu=cortex-m4 -std=gnu11 -g3 -DDEBUG -DUSE_HAL_DRIVER -DSTM32G431xx -c -I../Core/Inc -I../Drivers/STM32G4xx_HAL_Driver/Inc -I../Drivers/STM32G4xx_HAL_Driver/Inc/Legacy -I../Drivers/CMSIS/Device/ST/STM32G4xx/Include -I../Drivers/CMSIS/Include -O0 -ffunction-sections -fdata-sections -Wall -fstack-usage -fcyclomatic-complexity -MMD -MP -MF"Core/Src/xl320.d" -MT"Core/Src/xl320.o" --specs=nano.specs -mfpu=fpv4-sp-d16 -mfloat-abi=hard -mthumb -o "Core/Src/xl320.o"
arm-none-eabi-gcc -o "Firware_SPIP.elf" @"objects.list"   -mcpu=cortex-m4 -T"/home/lucasa/Documents/2526_Projet1AB_SPIP/Firmware/Firware_SPIP/STM32G431CBUX_FLASH.ld" --specs=nosys.specs -Wl,-Map="Firware_SPIP.map" -Wl,--gc-sections -static --specs=nano.specs -mfpu=fpv4-sp-d16 -mfloat-abi=hard -mthumb -u _printf_float -u _scanf_float -Wl,--start-group -lc -lm -Wl,--end-group
Finished building target: Firware_SPIP.elf
 
arm-none-eabi-size  Firware_SPIP.elf 
arm-none-eabi-objdump -h -S Firware_SPIP.elf  > "Firware_SPIP.list"
   text	   data	    bss	    dec	    hex	filename
  47572	    468	   2812	  50852	   c6a4	Firware_SPIP.elf
Finished building: default.size.stdout
 
Finished building: Firware_SPIP.list
 
