18:45:15 **** Incremental Build of configuration Debug for project PAMi ****
make -j8 all 
arm-none-eabi-gcc "../Core/Src/mouvement.c" -mcpu=cortex-m4 -std=gnu11 -g3 -DDEBUG -DUSE_HAL_DRIVER -DSTM32G431xx -c -I../Core/Inc -I../Drivers/STM32G4xx_HAL_Driver/Inc -I../Drivers/STM32G4xx_HAL_Driver/Inc/Legacy -I../Drivers/CMSIS/Device/ST/STM32G4xx/Include -I../Drivers/CMSIS/Include -O0 -ffunction-sections -fdata-sections -Wall -fstack-usage -fcyclomatic-complexity -MMD -MP -MF"Core/Src/mouvement.d" -MT"Core/Src/mouvement.o" --specs=nano.specs -mfpu=fpv4-sp-d16 -mfloat-abi=hard -mthumb -o "Core/Src/mouvement.o"
arm-none-eabi-gcc -o "PAMi.elf" @"objects.list"   -mcpu=cortex-m4 -T"C:\Users\lucas\Documents\GitHub\2526_Projet1AB_SPIP\Firmware\PAMi\STM32G431CBUX_FLASH.ld" --specs=nosys.specs -Wl,-Map="PAMi.map" -Wl,--gc-sections -static --specs=nano.specs -mfpu=fpv4-sp-d16 -mfloat-abi=hard -mthumb -u _printf_float -Wl,--start-group -lc -lm -Wl,--end-group
Finished building target: PAMi.elf
 
arm-none-eabi-size  PAMi.elf 
arm-none-eabi-objdump -h -S PAMi.elf  > "PAMi.list"
   text	   data	    bss	    dec	    hex	filename
  35208	    468	   2644	  38320	   95b0	PAMi.elf
Finished building: default.size.stdout
 
Finished building: PAMi.list
 

18:45:17 Build Finished. 0 errors, 0 warnings. (took 2s.210ms)

